Archive member included because of file (symbol)

../ext/libopencm3/lib/libopencm3_stm32f1.a(adc.o)
                              /Users/tony-yi/git/paparazzi_local/var/MYAC/ap/arch/stm32/mcu_periph/adc_arch.o (adc_power_on)
../ext/libopencm3/lib/libopencm3_stm32f1.a(flash.o)
                              /Users/tony-yi/git/paparazzi_local/var/MYAC/ap/arch/stm32/subsystems/settings_arch.o (flash_unlock)
../ext/libopencm3/lib/libopencm3_stm32f1.a(gpio.o)
                              /Users/tony-yi/git/paparazzi_local/var/MYAC/ap/arch/stm32/mcu_periph/adc_arch.o (gpio_set_mode)
../ext/libopencm3/lib/libopencm3_stm32f1.a(rcc.o)
                              /Users/tony-yi/git/paparazzi_local/var/MYAC/ap/arch/stm32/mcu_periph/adc_arch.o (rcc_peripheral_enable_clock)
../ext/libopencm3/lib/libopencm3_stm32f1.a(timer.o)
                              /Users/tony-yi/git/paparazzi_local/var/MYAC/ap/arch/stm32/subsystems/radio_control/ppm_arch.o (timer_ic_set_polarity)
../ext/libopencm3/lib/libopencm3_stm32f1.a(dma_common_f13.o)
                              /Users/tony-yi/git/paparazzi_local/var/MYAC/ap/arch/stm32/mcu_periph/spi_arch.o (dma_channel_reset)
../ext/libopencm3/lib/libopencm3_stm32f1.a(gpio_common_all.o)
                              /Users/tony-yi/git/paparazzi_local/var/MYAC/ap/arch/stm32/mcu_periph/spi_arch.o (gpio_set)
../ext/libopencm3/lib/libopencm3_stm32f1.a(i2c_common_all.o)
                              /Users/tony-yi/git/paparazzi_local/var/MYAC/ap/arch/stm32/mcu_periph/i2c_arch.o (i2c_reset)
../ext/libopencm3/lib/libopencm3_stm32f1.a(spi_common_all.o)
                              /Users/tony-yi/git/paparazzi_local/var/MYAC/ap/arch/stm32/mcu_periph/spi_arch.o (spi_reset)
../ext/libopencm3/lib/libopencm3_stm32f1.a(timer_common_all.o)
                              /Users/tony-yi/git/paparazzi_local/var/MYAC/ap/arch/stm32/mcu_periph/adc_arch.o (timer_reset)
../ext/libopencm3/lib/libopencm3_stm32f1.a(usart_common_all.o)
                              /Users/tony-yi/git/paparazzi_local/var/MYAC/ap/arch/stm32/mcu_periph/uart_arch.o (usart_set_baudrate)
../ext/libopencm3/lib/libopencm3_stm32f1.a(vector.o)
                              (reset_handler)
../ext/libopencm3/lib/libopencm3_stm32f1.a(systick.o)
                              /Users/tony-yi/git/paparazzi_local/var/MYAC/ap/arch/stm32/mcu_periph/sys_time_arch.o (systick_set_reload)
../ext/libopencm3/lib/libopencm3_stm32f1.a(scb.o)
                              /Users/tony-yi/git/paparazzi_local/var/MYAC/ap/arch/stm32/mcu_periph/i2c_arch.o (scb_set_priority_grouping)
../ext/libopencm3/lib/libopencm3_stm32f1.a(nvic.o)
                              /Users/tony-yi/git/paparazzi_local/var/MYAC/ap/arch/stm32/mcu_periph/adc_arch.o (nvic_enable_irq)
../ext/libopencm3/lib/libopencm3_stm32f1.a(assert.o)
                              ../ext/libopencm3/lib/libopencm3_stm32f1.a(rcc.o) (cm3_assert_failed)
/opt/local/bin/../lib/gcc/arm-none-eabi/4.7.3/../../../../arm-none-eabi/lib/armv7-m/libc.a(lib_a-ldiv.o)
                              /Users/tony-yi/git/paparazzi_local/var/MYAC/ap/subsystems/ahrs/ahrs_int_cmpl_quat.o (ldiv)
/opt/local/bin/../lib/gcc/arm-none-eabi/4.7.3/../../../../arm-none-eabi/lib/armv7-m/libc.a(lib_a-memcpy.o)
                              /Users/tony-yi/git/paparazzi_local/var/MYAC/ap/firmwares/rotorcraft/navigation.o (memcpy)
/opt/local/bin/../lib/gcc/arm-none-eabi/4.7.3/../../../../arm-none-eabi/lib/armv7-m/libc.a(lib_a-memset.o)
                              /Users/tony-yi/git/paparazzi_local/var/MYAC/ap/firmwares/rotorcraft/datalink.o (memset)
/opt/local/bin/../lib/gcc/arm-none-eabi/4.7.3/../../../../arm-none-eabi/lib/armv7-m/libm.a(lib_a-s_atan.o)
                              /Users/tony-yi/git/paparazzi_local/var/MYAC/ap/math/pprz_geodetic_double.o (atan)
/opt/local/bin/../lib/gcc/arm-none-eabi/4.7.3/../../../../arm-none-eabi/lib/armv7-m/libm.a(lib_a-s_cos.o)
                              /Users/tony-yi/git/paparazzi_local/var/MYAC/ap/math/pprz_geodetic_double.o (cos)
/opt/local/bin/../lib/gcc/arm-none-eabi/4.7.3/../../../../arm-none-eabi/lib/armv7-m/libm.a(lib_a-s_fabs.o)
                              /opt/local/bin/../lib/gcc/arm-none-eabi/4.7.3/../../../../arm-none-eabi/lib/armv7-m/libm.a(lib_a-s_atan.o) (fabs)
/opt/local/bin/../lib/gcc/arm-none-eabi/4.7.3/../../../../arm-none-eabi/lib/armv7-m/libm.a(lib_a-s_rint.o)
                              /Users/tony-yi/git/paparazzi_local/var/MYAC/ap/math/pprz_geodetic_int.o (rint)
/opt/local/bin/../lib/gcc/arm-none-eabi/4.7.3/../../../../arm-none-eabi/lib/armv7-m/libm.a(lib_a-s_sin.o)
                              /Users/tony-yi/git/paparazzi_local/var/MYAC/ap/math/pprz_geodetic_double.o (sin)
/opt/local/bin/../lib/gcc/arm-none-eabi/4.7.3/../../../../arm-none-eabi/lib/armv7-m/libm.a(lib_a-s_tan.o)
                              /Users/tony-yi/git/paparazzi_local/var/MYAC/ap/math/pprz_geodetic_double.o (tan)
[...]
Memory Configuration

Name             Origin             Length             Attributes
ram              0x0000000020000000 0x0000000000010000 xrw
rom              0x0000000008000000 0x000000000003f800 xr
*default*        0x0000000000000000 0xffffffffffffffff

Linker script and memory map

Address of section .text set to 0x8002000
LOAD /Users/tony-yi/git/paparazzi_local/var/MYAC/ap/arch/stm32/led_hw.o
LOAD /Users/tony-yi/git/paparazzi_local/var/MYAC/ap/arch/stm32/mcu_arch.o
LOAD /Users/tony-yi/git/paparazzi_local/var/MYAC/ap/arch/stm32/mcu_periph/adc_arch.o
LOAD /Users/tony-yi/git/paparazzi_local/var/MYAC/ap/arch/stm32/mcu_periph/gpio_arch.o
LOAD /Users/tony-yi/git/paparazzi_local/var/MYAC/ap/arch/stm32/mcu_periph/i2c_arch.o
LOAD /Users/tony-yi/git/paparazzi_local/var/MYAC/ap/arch/stm32/mcu_periph/spi_arch.o
LOAD /Users/tony-yi/git/paparazzi_local/var/MYAC/ap/arch/stm32/mcu_periph/sys_time_arch.o
LOAD /Users/tony-yi/git/paparazzi_local/var/MYAC/ap/arch/stm32/mcu_periph/uart_arch.o
LOAD /Users/tony-yi/git/paparazzi_local/var/MYAC/ap/arch/stm32/subsystems/actuators/actuators_pwm_arch.o
LOAD /Users/tony-yi/git/paparazzi_local/var/MYAC/ap/arch/stm32/subsystems/radio_control/ppm_arch.o
LOAD /Users/tony-yi/git/paparazzi_local/var/MYAC/ap/arch/stm32/subsystems/settings_arch.o
LOAD /Users/tony-yi/git/paparazzi_local/var/MYAC/ap/boards/lisa_m/baro_board.o
LOAD /Users/tony-yi/git/paparazzi_local/var/MYAC/ap/firmwares/rotorcraft/autopilot.o
LOAD /Users/tony-yi/git/paparazzi_local/var/MYAC/ap/firmwares/rotorcraft/datalink.o
LOAD /Users/tony-yi/git/paparazzi_local/var/MYAC/ap/firmwares/rotorcraft/guidance/guidance_h.o
LOAD /Users/tony-yi/git/paparazzi_local/var/MYAC/ap/firmwares/rotorcraft/guidance/guidance_h_ref.o
LOAD /Users/tony-yi/git/paparazzi_local/var/MYAC/ap/firmwares/rotorcraft/guidance/guidance_v.o
LOAD /Users/tony-yi/git/paparazzi_local/var/MYAC/ap/firmwares/rotorcraft/guidance/guidance_v_ref.o
LOAD /Users/tony-yi/git/paparazzi_local/var/MYAC/ap/firmwares/rotorcraft/main.o
LOAD /Users/tony-yi/git/paparazzi_local/var/MYAC/ap/firmwares/rotorcraft/navigation.o
LOAD /Users/tony-yi/git/paparazzi_local/var/MYAC/ap/firmwares/rotorcraft/stabilization.o
LOAD /Users/tony-yi/git/paparazzi_local/var/MYAC/ap/firmwares/rotorcraft/stabilization/stabilization_attitude_quat_int.o
LOAD /Users/tony-yi/git/paparazzi_local/var/MYAC/ap/firmwares/rotorcraft/stabilization/stabilization_attitude_rc_setpoint.o
LOAD /Users/tony-yi/git/paparazzi_local/var/MYAC/ap/firmwares/rotorcraft/stabilization/stabilization_attitude_ref_quat_int.o
LOAD /Users/tony-yi/git/paparazzi_local/var/MYAC/ap/firmwares/rotorcraft/stabilization/stabilization_none.o
LOAD /Users/tony-yi/git/paparazzi_local/var/MYAC/ap/firmwares/rotorcraft/stabilization/stabilization_rate.o
LOAD /Users/tony-yi/git/paparazzi_local/var/MYAC/ap/firmwares/rotorcraft/telemetry.o
LOAD /Users/tony-yi/git/paparazzi_local/var/MYAC/ap/lisa/plug_sys.o
LOAD /Users/tony-yi/git/paparazzi_local/var/MYAC/ap/math/pprz_geodetic_double.o
LOAD /Users/tony-yi/git/paparazzi_local/var/MYAC/ap/math/pprz_geodetic_float.o
LOAD /Users/tony-yi/git/paparazzi_local/var/MYAC/ap/math/pprz_geodetic_int.o
LOAD /Users/tony-yi/git/paparazzi_local/var/MYAC/ap/math/pprz_orientation_conversion.o
LOAD /Users/tony-yi/git/paparazzi_local/var/MYAC/ap/math/pprz_trig_int.o
LOAD /Users/tony-yi/git/paparazzi_local/var/MYAC/ap/mcu.o
LOAD /Users/tony-yi/git/paparazzi_local/var/MYAC/ap/mcu_periph/i2c.o
LOAD /Users/tony-yi/git/paparazzi_local/var/MYAC/ap/mcu_periph/spi.o
LOAD /Users/tony-yi/git/paparazzi_local/var/MYAC/ap/mcu_periph/sys_time.o
LOAD /Users/tony-yi/git/paparazzi_local/var/MYAC/ap/mcu_periph/uart.o
LOAD /Users/tony-yi/git/paparazzi_local/var/MYAC/ap/peripherals/mpu60x0.o
LOAD /Users/tony-yi/git/paparazzi_local/var/MYAC/ap/peripherals/mpu60x0_spi.o
LOAD /Users/tony-yi/git/paparazzi_local/var/MYAC/ap/state.o
LOAD /Users/tony-yi/git/paparazzi_local/var/MYAC/ap/subsystems/actuators.o
LOAD /Users/tony-yi/git/paparazzi_local/var/MYAC/ap/subsystems/actuators/motor_mixing.o
LOAD /Users/tony-yi/git/paparazzi_local/var/MYAC/ap/subsystems/ahrs.o
LOAD /Users/tony-yi/git/paparazzi_local/var/MYAC/ap/subsystems/ahrs/ahrs_aligner.o
LOAD /Users/tony-yi/git/paparazzi_local/var/MYAC/ap/subsystems/ahrs/ahrs_int_cmpl_quat.o
LOAD /Users/tony-yi/git/paparazzi_local/var/MYAC/ap/subsystems/commands.o
LOAD /Users/tony-yi/git/paparazzi_local/var/MYAC/ap/subsystems/datalink/downlink.o
LOAD /Users/tony-yi/git/paparazzi_local/var/MYAC/ap/subsystems/datalink/pprz_transport.o
LOAD /Users/tony-yi/git/paparazzi_local/var/MYAC/ap/subsystems/electrical.o
LOAD /Users/tony-yi/git/paparazzi_local/var/MYAC/ap/subsystems/gps.o
LOAD /Users/tony-yi/git/paparazzi_local/var/MYAC/ap/subsystems/gps/gps_ubx.o
LOAD /Users/tony-yi/git/paparazzi_local/var/MYAC/ap/subsystems/imu.o
LOAD /Users/tony-yi/git/paparazzi_local/var/MYAC/ap/subsystems/imu/imu_aspirin_2_spi.o
LOAD /Users/tony-yi/git/paparazzi_local/var/MYAC/ap/subsystems/ins.o
LOAD /Users/tony-yi/git/paparazzi_local/var/MYAC/ap/subsystems/ins/ins_int.o
LOAD /Users/tony-yi/git/paparazzi_local/var/MYAC/ap/subsystems/ins/vf_float.o
LOAD /Users/tony-yi/git/paparazzi_local/var/MYAC/ap/subsystems/navigation/common_flight_plan.o
LOAD /Users/tony-yi/git/paparazzi_local/var/MYAC/ap/subsystems/radio_control.o
LOAD /Users/tony-yi/git/paparazzi_local/var/MYAC/ap/subsystems/radio_control/ppm.o
LOAD /Users/tony-yi/git/paparazzi_local/var/MYAC/ap/subsystems/settings.o
LOAD ../ext/libopencm3/lib/libopencm3_stm32f1.a
LOAD /opt/local/bin/../lib/gcc/arm-none-eabi/4.7.3/../../../../arm-none-eabi/lib/armv7-m/libc.a
LOAD /opt/local/bin/../lib/gcc/arm-none-eabi/4.7.3/../../../../arm-none-eabi/lib/armv7-m/libm.a
LOAD /opt/local/bin/../lib/gcc/arm-none-eabi/4.7.3/armv7-m/libgcc.a
START GROUP
LOAD /opt/local/bin/../lib/gcc/arm-none-eabi/4.7.3/armv7-m/libgcc.a
LOAD /opt/local/bin/../lib/gcc/arm-none-eabi/4.7.3/../../../../arm-none-eabi/lib/armv7-m/libc.a
END GROUP

.text           0x0000000008002000    0x254ec
 *(.vectors)
 .vectors       0x0000000008002000      0x150 ../ext/libopencm3/lib/libopencm3_stm32f1.a(vector.o)
                0x0000000008002000                vector_table
 *(.text*)
 .text.mcu_arch_init
                0x0000000008002150       0x10 /Users/tony-yi/git/paparazzi_local/var/MYAC/ap/arch/stm32/mcu_arch.o
                0x0000000008002150                mcu_arch_init
 .text.adc_buf_channel
                0x0000000008002160       0x10 /Users/tony-yi/git/paparazzi_local/var/MYAC/ap/arch/stm32/mcu_periph/adc_arch.o
                0x0000000008002160                adc_buf_channel
 .text.adc_init
                0x0000000008002170      0x194 /Users/tony-yi/git/paparazzi_local/var/MYAC/ap/arch/stm32/mcu_periph/adc_arch.o
                0x0000000008002170                adc_init
 .text.adc1_2_isr
                0x0000000008002304       0x60 /Users/tony-yi/git/paparazzi_local/var/MYAC/ap/arch/stm32/mcu_periph/adc_arch.o
                0x0000000008002304                adc1_2_isr
 .text.gpio_enable_clock
                0x0000000008002364       0x48 /Users/tony-yi/git/paparazzi_local/var/MYAC/ap/arch/stm32/mcu_periph/gpio_arch.o
                0x0000000008002364                gpio_enable_clock
 .text.gpio_setup_output
                0x00000000080023ac       0x1a /Users/tony-yi/git/paparazzi_local/var/MYAC/ap/arch/stm32/mcu_periph/gpio_arch.o
                0x00000000080023ac                gpio_setup_output
 *fill*         0x00000000080023c6        0x2 00
 .text.gpio_setup_pin_af
                0x00000000080023c8       0x44 /Users/tony-yi/git/paparazzi_local/var/MYAC/ap/arch/stm32/mcu_periph/gpio_arch.o
                0x00000000080023c8                gpio_setup_pin_af
 .text.PPRZ_I2C_SEND_START
                0x000000000800240c       0x2e /Users/tony-yi/git/paparazzi_local/var/MYAC/ap/arch/stm32/mcu_periph/i2c_arch.o
 .text.stmi2c_clear_pending_interrupts
                0x000000000800243a       0x24 /Users/tony-yi/git/paparazzi_local/var/MYAC/ap/arch/stm32/mcu_periph/i2c_arch.o
 *fill*         0x000000000800245e        0x2 00
 .text.i2c_error.constprop.2
                0x0000000008002460       0xa8 /Users/tony-yi/git/paparazzi_local/var/MYAC/ap/arch/stm32/mcu_periph/i2c_arch.o
 .text.i2c_irq.constprop.1
                0x0000000008002508      0x36c /Users/tony-yi/git/paparazzi_local/var/MYAC/ap/arch/stm32/mcu_periph/i2c_arch.o
 .text.i2c2_ev_isr
                0x0000000008002874       0x2c /Users/tony-yi/git/paparazzi_local/var/MYAC/ap/arch/stm32/mcu_periph/i2c_arch.o
                0x0000000008002874                i2c2_ev_isr
 .text.i2c2_er_isr
                0x00000000080028a0       0x2c /Users/tony-yi/git/paparazzi_local/var/MYAC/ap/arch/stm32/mcu_periph/i2c_arch.o
                0x00000000080028a0                i2c2_er_isr
 .text.i2c_event
                0x00000000080028cc       0x2c /Users/tony-yi/git/paparazzi_local/var/MYAC/ap/arch/stm32/mcu_periph/i2c_arch.o
                0x00000000080028cc                i2c_event
 .text.i2c_submit
                0x00000000080028f8       0x42 /Users/tony-yi/git/paparazzi_local/var/MYAC/ap/arch/stm32/mcu_periph/i2c_arch.o
                0x00000000080028f8                i2c_submit
 .text.i2c_idle
                0x000000000800293a       0x18 /Users/tony-yi/git/paparazzi_local/var/MYAC/ap/arch/stm32/mcu_periph/i2c_arch.o
                0x000000000800293a                i2c_idle
 *fill*         0x0000000008002952        0x2 00
 .text.i2c_setbitrate
                0x0000000008002954       0x90 /Users/tony-yi/git/paparazzi_local/var/MYAC/ap/arch/stm32/mcu_periph/i2c_arch.o
                0x0000000008002954                i2c_setbitrate
 .text.i2c2_hw_init
                0x00000000080029e4       0xbc /Users/tony-yi/git/paparazzi_local/var/MYAC/ap/arch/stm32/mcu_periph/i2c_arch.o
                0x00000000080029e4                i2c2_hw_init
 .text.spi_configure_dma
                0x0000000008002aa0       0x78 /Users/tony-yi/git/paparazzi_local/var/MYAC/ap/arch/stm32/mcu_periph/spi_arch.o
 .text.spi_arch_int_enable
                0x0000000008002b18       0x2c /Users/tony-yi/git/paparazzi_local/var/MYAC/ap/arch/stm32/mcu_periph/spi_arch.o
 .text.spi_arch_int_disable
                0x0000000008002b44       0x18 /Users/tony-yi/git/paparazzi_local/var/MYAC/ap/arch/stm32/mcu_periph/spi_arch.o
 .text.spi_start_dma_transaction
                0x0000000008002b5c      0x1ac /Users/tony-yi/git/paparazzi_local/var/MYAC/ap/arch/stm32/mcu_periph/spi_arch.o
 .text.spi_init_slaves
                0x0000000008002d08       0x20 /Users/tony-yi/git/paparazzi_local/var/MYAC/ap/arch/stm32/mcu_periph/spi_arch.o
                0x0000000008002d08                spi_init_slaves
 .text.spi_submit
                0x0000000008002d28       0x60 /Users/tony-yi/git/paparazzi_local/var/MYAC/ap/arch/stm32/mcu_periph/spi_arch.o
                0x0000000008002d28                spi_submit
 .text.spi2_arch_init
                0x0000000008002d88       0xf4 /Users/tony-yi/git/paparazzi_local/var/MYAC/ap/arch/stm32/mcu_periph/spi_arch.o
                0x0000000008002d88                spi2_arch_init
 .text.dma1_channel4_isr
                0x0000000008002e7c      0x104 /Users/tony-yi/git/paparazzi_local/var/MYAC/ap/arch/stm32/mcu_periph/spi_arch.o
                0x0000000008002e7c                dma1_channel4_isr
 .text.dma1_channel5_isr
                0x0000000008002f80       0xa0 /Users/tony-yi/git/paparazzi_local/var/MYAC/ap/arch/stm32/mcu_periph/spi_arch.o
                0x0000000008002f80                dma1_channel5_isr
 .text.sys_time_arch_init
                0x0000000008003020       0x50 /Users/tony-yi/git/paparazzi_local/var/MYAC/ap/arch/stm32/mcu_periph/sys_time_arch.o
                0x0000000008003020                sys_time_arch_init
 .text.sys_tick_handler
                0x0000000008003070       0x70 /Users/tony-yi/git/paparazzi_local/var/MYAC/ap/arch/stm32/mcu_periph/sys_time_arch.o
                0x0000000008003070                sys_tick_handler
 .text.usart_isr
                0x00000000080030e0       0xe6 /Users/tony-yi/git/paparazzi_local/var/MYAC/ap/arch/stm32/mcu_periph/uart_arch.o
 .text.uart_periph_set_baudrate
                0x00000000080031c6       0x4e /Users/tony-yi/git/paparazzi_local/var/MYAC/ap/arch/stm32/mcu_periph/uart_arch.o
                0x00000000080031c6                uart_periph_set_baudrate
 .text.uart_periph_set_mode
                0x0000000008003214       0x32 /Users/tony-yi/git/paparazzi_local/var/MYAC/ap/arch/stm32/mcu_periph/uart_arch.o
                0x0000000008003214                uart_periph_set_mode
 .text.uart_transmit
                0x0000000008003246       0x4e /Users/tony-yi/git/paparazzi_local/var/MYAC/ap/arch/stm32/mcu_periph/uart_arch.o
                0x0000000008003246                uart_transmit
 .text.uart2_init
                0x0000000008003294       0x64 /Users/tony-yi/git/paparazzi_local/var/MYAC/ap/arch/stm32/mcu_periph/uart_arch.o
                0x0000000008003294                uart2_init
 .text.usart2_isr
                0x00000000080032f8        0xc /Users/tony-yi/git/paparazzi_local/var/MYAC/ap/arch/stm32/mcu_periph/uart_arch.o
                0x00000000080032f8                usart2_isr
 .text.uart3_init
                0x0000000008003304       0x68 /Users/tony-yi/git/paparazzi_local/var/MYAC/ap/arch/stm32/mcu_periph/uart_arch.o
                0x0000000008003304                uart3_init
 .text.usart3_isr
                0x000000000800336c        0xc /Users/tony-yi/git/paparazzi_local/var/MYAC/ap/arch/stm32/mcu_periph/uart_arch.o
                0x000000000800336c                usart3_isr
 .text.actuators_pwm_arch_channel_init
                0x0000000008003378       0x40 /Users/tony-yi/git/paparazzi_local/var/MYAC/ap/arch/stm32/subsystems/actuators/actuators_pwm_arch.o
 .text.set_servo_gpio.isra.0
                0x00000000080033b8       0x24 /Users/tony-yi/git/paparazzi_local/var/MYAC/ap/arch/stm32/subsystems/actuators/actuators_pwm_arch.o
 .text.set_servo_timer.constprop.1
                0x00000000080033dc       0x74 /Users/tony-yi/git/paparazzi_local/var/MYAC/ap/arch/stm32/subsystems/actuators/actuators_pwm_arch.o
 .text.actuators_pwm_arch_init
                0x0000000008003450       0x8c /Users/tony-yi/git/paparazzi_local/var/MYAC/ap/arch/stm32/subsystems/actuators/actuators_pwm_arch.o
                0x0000000008003450                actuators_pwm_arch_init
 .text.actuators_pwm_commit
                0x00000000080034dc       0x54 /Users/tony-yi/git/paparazzi_local/var/MYAC/ap/arch/stm32/subsystems/actuators/actuators_pwm_arch.o
                0x00000000080034dc                actuators_pwm_commit
 .text.ppm_arch_init
                0x0000000008003530       0xcc /Users/tony-yi/git/paparazzi_local/var/MYAC/ap/arch/stm32/subsystems/radio_control/ppm_arch.o
                0x0000000008003530                ppm_arch_init
 .text.tim2_isr
                0x00000000080035fc       0xc4 /Users/tony-yi/git/paparazzi_local/var/MYAC/ap/arch/stm32/subsystems/radio_control/ppm_arch.o
                0x00000000080035fc                tim2_isr
 .text.bmp085_read_reg16_blocking.constprop.2
                0x00000000080036c0       0x44 /Users/tony-yi/git/paparazzi_local/var/MYAC/ap/boards/lisa_m/baro_board.o
 .text.bmp085_write_reg.constprop.3
                0x0000000008003704       0x30 /Users/tony-yi/git/paparazzi_local/var/MYAC/ap/boards/lisa_m/baro_board.o
 .text.baro_init
                0x0000000008003734       0x94 /Users/tony-yi/git/paparazzi_local/var/MYAC/ap/boards/lisa_m/baro_board.o
                0x0000000008003734                baro_init
 .text.baro_periodic
                0x00000000080037c8       0xb0 /Users/tony-yi/git/paparazzi_local/var/MYAC/ap/boards/lisa_m/baro_board.o
                0x00000000080037c8                baro_periodic
 .text.baro_event
                0x0000000008003878      0x138 /Users/tony-yi/git/paparazzi_local/var/MYAC/ap/boards/lisa_m/baro_board.o
                0x0000000008003878                baro_event
 .text.autopilot_periodic
                0x00000000080039b0       0xdc /Users/tony-yi/git/paparazzi_local/var/MYAC/ap/firmwares/rotorcraft/autopilot.o
                0x00000000080039b0                autopilot_periodic
 .text.autopilot_set_motors_on
                0x0000000008003a8c       0x58 /Users/tony-yi/git/paparazzi_local/var/MYAC/ap/firmwares/rotorcraft/autopilot.o
                0x0000000008003a8c                autopilot_set_motors_on
 .text.autopilot_set_mode
                0x0000000008003ae4       0xd4 /Users/tony-yi/git/paparazzi_local/var/MYAC/ap/firmwares/rotorcraft/autopilot.o
                0x0000000008003ae4                autopilot_set_mode
 .text.autopilot_init
                0x0000000008003bb8       0x8c /Users/tony-yi/git/paparazzi_local/var/MYAC/ap/firmwares/rotorcraft/autopilot.o
                0x0000000008003bb8                autopilot_init
 .text.autopilot_on_rc_frame
                0x0000000008003c44      0x1a8 /Users/tony-yi/git/paparazzi_local/var/MYAC/ap/firmwares/rotorcraft/autopilot.o
                0x0000000008003c44                autopilot_on_rc_frame
 *fill*         0x0000000008003dec        0x4 00
 .text.dl_parse_msg
                0x0000000008003df0      0xb48 /Users/tony-yi/git/paparazzi_local/var/MYAC/ap/firmwares/rotorcraft/datalink.o
                0x0000000008003df0                dl_parse_msg
 .text.stateGetPositionNed_i
                0x0000000008004938       0x1c /Users/tony-yi/git/paparazzi_local/var/MYAC/ap/firmwares/rotorcraft/guidance/guidance_h.o
 .text.stateGetSpeedNed_i
                0x0000000008004954       0x1c /Users/tony-yi/git/paparazzi_local/var/MYAC/ap/firmwares/rotorcraft/guidance/guidance_h.o
 .text.reset_guidance_reference_from_current_position
                0x0000000008004970       0x5c /Users/tony-yi/git/paparazzi_local/var/MYAC/ap/firmwares/rotorcraft/guidance/guidance_h.o
 .text.guidance_h_update_reference
                0x00000000080049cc       0x88 /Users/tony-yi/git/paparazzi_local/var/MYAC/ap/firmwares/rotorcraft/guidance/guidance_h.o
 .text.orientationGetEulers_i.constprop.1
                0x0000000008004a54       0x20 /Users/tony-yi/git/paparazzi_local/var/MYAC/ap/firmwares/rotorcraft/guidance/guidance_h.o
 *fill*         0x0000000008004a74        0x4 00
 .text.guidance_h_traj_run
                0x0000000008004a78      0x3a8 /Users/tony-yi/git/paparazzi_local/var/MYAC/ap/firmwares/rotorcraft/guidance/guidance_h.o
 .text.guidance_h_hover_enter
                0x0000000008004e20       0x2c /Users/tony-yi/git/paparazzi_local/var/MYAC/ap/firmwares/rotorcraft/guidance/guidance_h.o
 .text.guidance_h_nav_enter
                0x0000000008004e4c       0x2c /Users/tony-yi/git/paparazzi_local/var/MYAC/ap/firmwares/rotorcraft/guidance/guidance_h.o
 .text.guidance_h_init
                0x0000000008004e78       0x7c /Users/tony-yi/git/paparazzi_local/var/MYAC/ap/firmwares/rotorcraft/guidance/guidance_h.o
                0x0000000008004e78                guidance_h_init
 .text.guidance_h_mode_changed
                0x0000000008004ef4       0x70 /Users/tony-yi/git/paparazzi_local/var/MYAC/ap/firmwares/rotorcraft/guidance/guidance_h.o
                0x0000000008004ef4                guidance_h_mode_changed
 .text.guidance_h_read_rc
                0x0000000008004f64       0x4c /Users/tony-yi/git/paparazzi_local/var/MYAC/ap/firmwares/rotorcraft/guidance/guidance_h.o
                0x0000000008004f64                guidance_h_read_rc
 .text.guidance_h_run
                0x0000000008004fb0       0xc4 /Users/tony-yi/git/paparazzi_local/var/MYAC/ap/firmwares/rotorcraft/guidance/guidance_h.o
                0x0000000008004fb0                guidance_h_run
 .text.gh_set_ref
                0x0000000008005074       0x58 /Users/tony-yi/git/paparazzi_local/var/MYAC/ap/firmwares/rotorcraft/guidance/guidance_h_ref.o
                0x0000000008005074                gh_set_ref
 *fill*         0x00000000080050cc        0x4 00
 .text.gh_update_ref_from_pos_sp
                0x00000000080050d0      0x298 /Users/tony-yi/git/paparazzi_local/var/MYAC/ap/firmwares/rotorcraft/guidance/guidance_h_ref.o
                0x00000000080050d0                gh_update_ref_from_pos_sp
 .text.stateGetPositionNed_i
                0x0000000008005368       0x1c /Users/tony-yi/git/paparazzi_local/var/MYAC/ap/firmwares/rotorcraft/guidance/guidance_v.o
 .text.stateGetSpeedNed_i
                0x0000000008005384       0x1c /Users/tony-yi/git/paparazzi_local/var/MYAC/ap/firmwares/rotorcraft/guidance/guidance_v.o
 .text.stateGetNedToBodyEulers_i
                0x00000000080053a0       0x20 /Users/tony-yi/git/paparazzi_local/var/MYAC/ap/firmwares/rotorcraft/guidance/guidance_v.o
 .text.guidance_v_init
                0x00000000080053c0       0x4c /Users/tony-yi/git/paparazzi_local/var/MYAC/ap/firmwares/rotorcraft/guidance/guidance_v.o
                0x00000000080053c0                guidance_v_init
 .text.guidance_v_read_rc
                0x000000000800540c       0x50 /Users/tony-yi/git/paparazzi_local/var/MYAC/ap/firmwares/rotorcraft/guidance/guidance_v.o
                0x000000000800540c                guidance_v_read_rc
 .text.guidance_v_mode_changed
                0x000000000800545c       0xa4 /Users/tony-yi/git/paparazzi_local/var/MYAC/ap/firmwares/rotorcraft/guidance/guidance_v.o
                0x000000000800545c                guidance_v_mode_changed
 .text.guidance_v_run
                0x0000000008005500      0xd70 /Users/tony-yi/git/paparazzi_local/var/MYAC/ap/firmwares/rotorcraft/guidance/guidance_v.o
                0x0000000008005500                guidance_v_run
 .text.gv_set_ref
                0x0000000008006270       0x2c /Users/tony-yi/git/paparazzi_local/var/MYAC/ap/firmwares/rotorcraft/guidance/guidance_v_ref.o
                0x0000000008006270                gv_set_ref
 *fill*         0x000000000800629c        0x4 00
 .text.gv_update_ref_from_z_sp
                0x00000000080062a0       0xf0 /Users/tony-yi/git/paparazzi_local/var/MYAC/ap/firmwares/rotorcraft/guidance/guidance_v_ref.o
                0x00000000080062a0                gv_update_ref_from_z_sp
 .text.gv_update_ref_from_zd_sp
                0x0000000008006390       0xe8 /Users/tony-yi/git/paparazzi_local/var/MYAC/ap/firmwares/rotorcraft/guidance/guidance_v_ref.o
                0x0000000008006390                gv_update_ref_from_zd_sp
 .text.on_baro_dif_event
                0x0000000008006478        0x2 /Users/tony-yi/git/paparazzi_local/var/MYAC/ap/firmwares/rotorcraft/main.o
 *fill*         0x000000000800647a        0x2 00
 .text.stateGetPositionEnu_i
                0x000000000800647c       0x1c /Users/tony-yi/git/paparazzi_local/var/MYAC/ap/firmwares/rotorcraft/main.o
 .text.stateGetSpeedEnu_i
                0x0000000008006498       0x1c /Users/tony-yi/git/paparazzi_local/var/MYAC/ap/firmwares/rotorcraft/main.o
 .text.on_baro_abs_event
                0x00000000080064b4        0x4 /Users/tony-yi/git/paparazzi_local/var/MYAC/ap/firmwares/rotorcraft/main.o
 .text.on_mag_event
                0x00000000080064b8       0x5c /Users/tony-yi/git/paparazzi_local/var/MYAC/ap/firmwares/rotorcraft/main.o
 .text.on_accel_event
                0x0000000008006514       0x5c /Users/tony-yi/git/paparazzi_local/var/MYAC/ap/firmwares/rotorcraft/main.o
 .text.on_gyro_event
                0x0000000008006570       0x78 /Users/tony-yi/git/paparazzi_local/var/MYAC/ap/firmwares/rotorcraft/main.o
 .text.stateGetNedToBodyEulers_i
                0x00000000080065e8       0x20 /Users/tony-yi/git/paparazzi_local/var/MYAC/ap/firmwares/rotorcraft/main.o
 .text.stateGetNedToBodyQuat_i
                0x0000000008006608       0x20 /Users/tony-yi/git/paparazzi_local/var/MYAC/ap/firmwares/rotorcraft/main.o
 .text.startup.main
                0x0000000008006628     0xe128 /Users/tony-yi/git/paparazzi_local/var/MYAC/ap/firmwares/rotorcraft/main.o
                0x0000000008006628                main
 .text.stateGetPositionEnu_i
                0x0000000008014750       0x1c /Users/tony-yi/git/paparazzi_local/var/MYAC/ap/firmwares/rotorcraft/navigation.o
 *fill*         0x000000000801476c        0x4 00
 .text.nav_init
                0x0000000008014770      0x138 /Users/tony-yi/git/paparazzi_local/var/MYAC/ap/firmwares/rotorcraft/navigation.o
                0x0000000008014770                nav_init
 .text.nav_run  0x00000000080148a8       0x58 /Users/tony-yi/git/paparazzi_local/var/MYAC/ap/firmwares/rotorcraft/navigation.o
                0x00000000080148a8                nav_run
 .text.nav_circle
                0x0000000008014900      0x208 /Users/tony-yi/git/paparazzi_local/var/MYAC/ap/firmwares/rotorcraft/navigation.o
                0x0000000008014900                nav_circle
 .text.nav_route
                0x0000000008014b08      0x100 /Users/tony-yi/git/paparazzi_local/var/MYAC/ap/firmwares/rotorcraft/navigation.o
                0x0000000008014b08                nav_route
 .text.nav_approaching_from
                0x0000000008014c08       0xb8 /Users/tony-yi/git/paparazzi_local/var/MYAC/ap/firmwares/rotorcraft/navigation.o
                0x0000000008014c08                nav_approaching_from
 .text.nav_reset_reference
                0x0000000008014cc0       0x18 /Users/tony-yi/git/paparazzi_local/var/MYAC/ap/firmwares/rotorcraft/navigation.o
                0x0000000008014cc0                nav_reset_reference
 .text.nav_init_stage
                0x0000000008014cd8       0x40 /Users/tony-yi/git/paparazzi_local/var/MYAC/ap/firmwares/rotorcraft/navigation.o
                0x0000000008014cd8                nav_init_stage
 .text.nav_detect_ground
                0x0000000008014d18       0x14 /Users/tony-yi/git/paparazzi_local/var/MYAC/ap/firmwares/rotorcraft/navigation.o
                0x0000000008014d18                nav_detect_ground
 .text.nav_periodic_task
                0x0000000008014d2c      0x518 /Users/tony-yi/git/paparazzi_local/var/MYAC/ap/firmwares/rotorcraft/navigation.o
                0x0000000008014d2c                nav_periodic_task
 .text.stabilization_init
                0x0000000008015244       0x12 /Users/tony-yi/git/paparazzi_local/var/MYAC/ap/firmwares/rotorcraft/stabilization.o
                0x0000000008015244                stabilization_init
 *fill*         0x0000000008015256        0x2 00
 .text.stabilization_attitude_init
                0x0000000008015258       0x28 /Users/tony-yi/git/paparazzi_local/var/MYAC/ap/firmwares/rotorcraft/stabilization/stabilization_attitude_quat_int.o
                0x0000000008015258                stabilization_attitude_init
 .text.stabilization_attitude_enter
                0x0000000008015280       0x34 /Users/tony-yi/git/paparazzi_local/var/MYAC/ap/firmwares/rotorcraft/stabilization/stabilization_attitude_quat_int.o
                0x0000000008015280                stabilization_attitude_enter
 .text.stabilization_attitude_set_failsafe_setpoint
                0x00000000080152b4       0xe0 /Users/tony-yi/git/paparazzi_local/var/MYAC/ap/firmwares/rotorcraft/stabilization/stabilization_attitude_quat_int.o
                0x00000000080152b4                stabilization_attitude_set_failsafe_setpoint
 .text.stabilization_attitude_set_from_eulers_i
                0x0000000008015394      0x2c8 /Users/tony-yi/git/paparazzi_local/var/MYAC/ap/firmwares/rotorcraft/stabilization/stabilization_attitude_quat_int.o
                0x0000000008015394                stabilization_attitude_set_from_eulers_i
 .text.stabilization_attitude_run
                0x000000000801565c      0x634 /Users/tony-yi/git/paparazzi_local/var/MYAC/ap/firmwares/rotorcraft/stabilization/stabilization_attitude_quat_int.o
                0x000000000801565c                stabilization_attitude_run
 .text.stabilization_attitude_read_rc
                0x0000000008015c90       0x54 /Users/tony-yi/git/paparazzi_local/var/MYAC/ap/firmwares/rotorcraft/stabilization/stabilization_attitude_quat_int.o
                0x0000000008015c90                stabilization_attitude_read_rc
 .text.stateGetNedToBodyEulers_f
                0x0000000008015ce4       0x20 /Users/tony-yi/git/paparazzi_local/var/MYAC/ap/firmwares/rotorcraft/stabilization/stabilization_attitude_rc_setpoint.o
 .text.stabilization_attitude_reset_care_free_heading
                0x0000000008015d04       0x14 /Users/tony-yi/git/paparazzi_local/var/MYAC/ap/firmwares/rotorcraft/stabilization/stabilization_attitude_rc_setpoint.o
                0x0000000008015d04                stabilization_attitude_reset_care_free_heading
 .text.stabilization_attitude_get_heading_i
                0x0000000008015d18       0xc4 /Users/tony-yi/git/paparazzi_local/var/MYAC/ap/firmwares/rotorcraft/stabilization/stabilization_attitude_rc_setpoint.o
                0x0000000008015d18                stabilization_attitude_get_heading_i
 *fill*         0x0000000008015ddc        0x4 00
 .text.stabilization_attitude_read_rc_setpoint_eulers
                0x0000000008015de0      0x218 /Users/tony-yi/git/paparazzi_local/var/MYAC/ap/firmwares/rotorcraft/stabilization/stabilization_attitude_rc_setpoint.o
                0x0000000008015de0                stabilization_attitude_read_rc_setpoint_eulers
 .text.stabilization_attitude_read_rc_roll_pitch_quat_f
                0x0000000008015ff8       0xd8 /Users/tony-yi/git/paparazzi_local/var/MYAC/ap/firmwares/rotorcraft/stabilization/stabilization_attitude_rc_setpoint.o
                0x0000000008015ff8                stabilization_attitude_read_rc_roll_pitch_quat_f
 .text.stabilization_attitude_read_rc_setpoint_quat_f
                0x00000000080160d0      0x4a0 /Users/tony-yi/git/paparazzi_local/var/MYAC/ap/firmwares/rotorcraft/stabilization/stabilization_attitude_rc_setpoint.o
                0x00000000080160d0                stabilization_attitude_read_rc_setpoint_quat_f
 .text.stabilization_attitude_ref_init
                0x0000000008016570       0x54 /Users/tony-yi/git/paparazzi_local/var/MYAC/ap/firmwares/rotorcraft/stabilization/stabilization_attitude_ref_quat_int.o
                0x0000000008016570                stabilization_attitude_ref_init
 .text.stabilization_attitude_ref_enter
                0x00000000080165c4      0x2e8 /Users/tony-yi/git/paparazzi_local/var/MYAC/ap/firmwares/rotorcraft/stabilization/stabilization_attitude_ref_quat_int.o
                0x00000000080165c4                stabilization_attitude_ref_enter
 .text.stabilization_attitude_ref_update
                0x00000000080168ac      0x29c /Users/tony-yi/git/paparazzi_local/var/MYAC/ap/firmwares/rotorcraft/stabilization/stabilization_attitude_ref_quat_int.o
                0x00000000080168ac                stabilization_attitude_ref_update
 .text.stabilization_none_init
                0x0000000008016b48       0x10 /Users/tony-yi/git/paparazzi_local/var/MYAC/ap/firmwares/rotorcraft/stabilization/stabilization_none.o
                0x0000000008016b48                stabilization_none_init
 .text.stabilization_none_read_rc
                0x0000000008016b58       0x20 /Users/tony-yi/git/paparazzi_local/var/MYAC/ap/firmwares/rotorcraft/stabilization/stabilization_none.o
                0x0000000008016b58                stabilization_none_read_rc
 .text.stabilization_none_enter
                0x0000000008016b78       0x10 /Users/tony-yi/git/paparazzi_local/var/MYAC/ap/firmwares/rotorcraft/stabilization/stabilization_none.o
                0x0000000008016b78                stabilization_none_enter
 .text.stabilization_none_run
                0x0000000008016b88       0x1c /Users/tony-yi/git/paparazzi_local/var/MYAC/ap/firmwares/rotorcraft/stabilization/stabilization_none.o
                0x0000000008016b88                stabilization_none_run
 .text.stabilization_rate_init
                0x0000000008016ba4       0x68 /Users/tony-yi/git/paparazzi_local/var/MYAC/ap/firmwares/rotorcraft/stabilization/stabilization_rate.o
                0x0000000008016ba4                stabilization_rate_init
 .text.stabilization_rate_read_rc
                0x0000000008016c0c       0x90 /Users/tony-yi/git/paparazzi_local/var/MYAC/ap/firmwares/rotorcraft/stabilization/stabilization_rate.o
                0x0000000008016c0c                stabilization_rate_read_rc
 .text.stabilization_rate_enter
                0x0000000008016c9c       0x28 /Users/tony-yi/git/paparazzi_local/var/MYAC/ap/firmwares/rotorcraft/stabilization/stabilization_rate.o
                0x0000000008016c9c                stabilization_rate_enter
 .text.stabilization_rate_run
                0x0000000008016cc4      0x1d4 /Users/tony-yi/git/paparazzi_local/var/MYAC/ap/firmwares/rotorcraft/stabilization/stabilization_rate.o
                0x0000000008016cc4                stabilization_rate_run
 .text.lla_of_ecef_d
                0x0000000008016e98      0x388 /Users/tony-yi/git/paparazzi_local/var/MYAC/ap/math/pprz_geodetic_double.o
                0x0000000008016e98                lla_of_ecef_d
 .text.ecef_of_lla_d
                0x0000000008017220      0x108 /Users/tony-yi/git/paparazzi_local/var/MYAC/ap/math/pprz_geodetic_double.o
                0x0000000008017220                ecef_of_lla_d
 .text.isometric_latitude_fast_f
                0x0000000008017328       0x38 /Users/tony-yi/git/paparazzi_local/var/MYAC/ap/math/pprz_geodetic_float.o
 .text.enu_of_ecef_point_f
                0x0000000008017360       0xb6 /Users/tony-yi/git/paparazzi_local/var/MYAC/ap/math/pprz_geodetic_float.o
                0x0000000008017360                enu_of_ecef_point_f
 .text.ned_of_ecef_point_f
                0x0000000008017416       0x1c /Users/tony-yi/git/paparazzi_local/var/MYAC/ap/math/pprz_geodetic_float.o
                0x0000000008017416                ned_of_ecef_point_f
 *fill*         0x0000000008017432        0x6 00
 .text.ecef_of_lla_f
                0x0000000008017438       0xd0 /Users/tony-yi/git/paparazzi_local/var/MYAC/ap/math/pprz_geodetic_float.o
                0x0000000008017438                ecef_of_lla_f
 .text.enu_of_lla_point_f
                0x0000000008017508       0x1e /Users/tony-yi/git/paparazzi_local/var/MYAC/ap/math/pprz_geodetic_float.o
                0x0000000008017508                enu_of_lla_point_f
 *fill*         0x0000000008017526        0x2 00
 .text.utm_of_lla_f
                0x0000000008017528      0x290 /Users/tony-yi/git/paparazzi_local/var/MYAC/ap/math/pprz_geodetic_float.o
                0x0000000008017528                utm_of_lla_f
 .text.enu_of_ecef_point_i
                0x00000000080177b8       0x60 /Users/tony-yi/git/paparazzi_local/var/MYAC/ap/math/pprz_geodetic_int.o
                0x00000000080177b8                enu_of_ecef_point_i
 .text.ned_of_ecef_point_i
                0x0000000008017818       0x1a /Users/tony-yi/git/paparazzi_local/var/MYAC/ap/math/pprz_geodetic_int.o
                0x0000000008017818                ned_of_ecef_point_i
 .text.enu_of_ecef_pos_i
                0x0000000008017832       0x2c /Users/tony-yi/git/paparazzi_local/var/MYAC/ap/math/pprz_geodetic_int.o
                0x0000000008017832                enu_of_ecef_pos_i
 .text.ned_of_ecef_pos_i
                0x000000000801785e       0x1a /Users/tony-yi/git/paparazzi_local/var/MYAC/ap/math/pprz_geodetic_int.o
                0x000000000801785e                ned_of_ecef_pos_i
 .text.enu_of_ecef_vect_i
                0x0000000008017878       0x52 /Users/tony-yi/git/paparazzi_local/var/MYAC/ap/math/pprz_geodetic_int.o
                0x0000000008017878                enu_of_ecef_vect_i
 .text.ned_of_ecef_vect_i
                0x00000000080178ca       0x1a /Users/tony-yi/git/paparazzi_local/var/MYAC/ap/math/pprz_geodetic_int.o
                0x00000000080178ca                ned_of_ecef_vect_i
 *fill*         0x00000000080178e4        0x4 00
 .text.lla_of_ecef_i
                0x00000000080178e8       0xa0 /Users/tony-yi/git/paparazzi_local/var/MYAC/ap/math/pprz_geodetic_int.o
                0x00000000080178e8                lla_of_ecef_i
 .text.ltp_def_from_ecef_i
                0x0000000008017988      0x11c /Users/tony-yi/git/paparazzi_local/var/MYAC/ap/math/pprz_geodetic_int.o
                0x0000000008017988                ltp_def_from_ecef_i
 *fill*         0x0000000008017aa4        0x4 00
 .text.ecef_of_lla_i
                0x0000000008017aa8       0x98 /Users/tony-yi/git/paparazzi_local/var/MYAC/ap/math/pprz_geodetic_int.o
                0x0000000008017aa8                ecef_of_lla_i
 .text.ned_of_lla_point_i
                0x0000000008017b40       0x1e /Users/tony-yi/git/paparazzi_local/var/MYAC/ap/math/pprz_geodetic_int.o
                0x0000000008017b40                ned_of_lla_point_i
 .text.enu_of_lla_point_i
                0x0000000008017b5e       0x1e /Users/tony-yi/git/paparazzi_local/var/MYAC/ap/math/pprz_geodetic_int.o
                0x0000000008017b5e                enu_of_lla_point_i
 .text.orientationCalcQuat_i
                0x0000000008017b7c      0xa04 /Users/tony-yi/git/paparazzi_local/var/MYAC/ap/math/pprz_orientation_conversion.o
                0x0000000008017b7c                orientationCalcQuat_i
 .text.orientationCalcRMat_i
                0x0000000008018580      0x77c /Users/tony-yi/git/paparazzi_local/var/MYAC/ap/math/pprz_orientation_conversion.o
                0x0000000008018580                orientationCalcRMat_i
 .text.orientationCalcEulers_i
                0x0000000008018cfc      0x3d0 /Users/tony-yi/git/paparazzi_local/var/MYAC/ap/math/pprz_orientation_conversion.o
                0x0000000008018cfc                orientationCalcEulers_i
 .text.orientationCalcEulers_f
                0x00000000080190cc      0x35c /Users/tony-yi/git/paparazzi_local/var/MYAC/ap/math/pprz_orientation_conversion.o
                0x00000000080190cc                orientationCalcEulers_f
 .text.mcu_init
                0x0000000008019428       0xdc /Users/tony-yi/git/paparazzi_local/var/MYAC/ap/mcu.o
                0x0000000008019428                mcu_init
 .text.i2c2_init
                0x0000000008019504       0x18 /Users/tony-yi/git/paparazzi_local/var/MYAC/ap/mcu_periph/i2c.o
                0x0000000008019504                i2c2_init
 .text.i2c_transmit
                0x000000000801951c       0x16 /Users/tony-yi/git/paparazzi_local/var/MYAC/ap/mcu_periph/i2c.o
                0x000000000801951c                i2c_transmit
 .text.i2c_transceive
                0x0000000008019532       0x1a /Users/tony-yi/git/paparazzi_local/var/MYAC/ap/mcu_periph/i2c.o
                0x0000000008019532                i2c_transceive
 .text.spi_init
                0x000000000801954c       0x18 /Users/tony-yi/git/paparazzi_local/var/MYAC/ap/mcu_periph/spi.o
                0x000000000801954c                spi_init
 .text.spi2_init
                0x0000000008019564       0x14 /Users/tony-yi/git/paparazzi_local/var/MYAC/ap/mcu_periph/spi.o
                0x0000000008019564                spi2_init
 .text.sys_time_register_timer
                0x0000000008019578       0x5c /Users/tony-yi/git/paparazzi_local/var/MYAC/ap/mcu_periph/sys_time.o
                0x0000000008019578                sys_time_register_timer
 .text.sys_time_init
                0x00000000080195d4       0x44 /Users/tony-yi/git/paparazzi_local/var/MYAC/ap/mcu_periph/sys_time.o
                0x00000000080195d4                sys_time_init
 .text.uart_periph_init
                0x0000000008019618       0x24 /Users/tony-yi/git/paparazzi_local/var/MYAC/ap/mcu_periph/uart.o
                0x0000000008019618                uart_periph_init
 .text.uart_check_free_space
                0x000000000801963c       0x28 /Users/tony-yi/git/paparazzi_local/var/MYAC/ap/mcu_periph/uart.o
                0x000000000801963c                uart_check_free_space
 .text.uart_getch
                0x0000000008019664       0x14 /Users/tony-yi/git/paparazzi_local/var/MYAC/ap/mcu_periph/uart.o
                0x0000000008019664                uart_getch
 .text.mpu60x0_set_default_config
                0x0000000008019678       0x1c /Users/tony-yi/git/paparazzi_local/var/MYAC/ap/peripherals/mpu60x0.o
                0x0000000008019678                mpu60x0_set_default_config
 .text.mpu60x0_send_config
                0x0000000008019694       0x84 /Users/tony-yi/git/paparazzi_local/var/MYAC/ap/peripherals/mpu60x0.o
                0x0000000008019694                mpu60x0_send_config
 .text.mpu60x0_spi_write_to_reg
                0x0000000008019718       0x1a /Users/tony-yi/git/paparazzi_local/var/MYAC/ap/peripherals/mpu60x0_spi.o
 .text.mpu60x0_spi_init
                0x0000000008019732       0x52 /Users/tony-yi/git/paparazzi_local/var/MYAC/ap/peripherals/mpu60x0_spi.o
                0x0000000008019732                mpu60x0_spi_init
 .text.mpu60x0_spi_start_configure
                0x0000000008019784       0x30 /Users/tony-yi/git/paparazzi_local/var/MYAC/ap/peripherals/mpu60x0_spi.o
                0x0000000008019784                mpu60x0_spi_start_configure
 .text.mpu60x0_spi_read
                0x00000000080197b4       0x2c /Users/tony-yi/git/paparazzi_local/var/MYAC/ap/peripherals/mpu60x0_spi.o
                0x00000000080197b4                mpu60x0_spi_read
 .text.mpu60x0_spi_event
                0x00000000080197e0       0xe0 /Users/tony-yi/git/paparazzi_local/var/MYAC/ap/peripherals/mpu60x0_spi.o
                0x00000000080197e0                mpu60x0_spi_event
 .text.mpu60x0_configure_i2c_slaves
                0x00000000080198c0       0x64 /Users/tony-yi/git/paparazzi_local/var/MYAC/ap/peripherals/mpu60x0_spi.o
                0x00000000080198c0                mpu60x0_configure_i2c_slaves
 .text.stateInit
                0x0000000008019924       0x2c /Users/tony-yi/git/paparazzi_local/var/MYAC/ap/state.o
                0x0000000008019924                stateInit
 .text.stateCalcPositionNed_i
                0x0000000008019950      0x278 /Users/tony-yi/git/paparazzi_local/var/MYAC/ap/state.o
                0x0000000008019950                stateCalcPositionNed_i
 .text.stateCalcPositionEnu_i
                0x0000000008019bc8      0x270 /Users/tony-yi/git/paparazzi_local/var/MYAC/ap/state.o
                0x0000000008019bc8                stateCalcPositionEnu_i
 .text.stateCalcPositionEnu_f
                0x0000000008019e38      0x1f8 /Users/tony-yi/git/paparazzi_local/var/MYAC/ap/state.o
                0x0000000008019e38                stateCalcPositionEnu_f
 .text.stateCalcSpeedNed_i
                0x000000000801a030      0x154 /Users/tony-yi/git/paparazzi_local/var/MYAC/ap/state.o
                0x000000000801a030                stateCalcSpeedNed_i
 .text.stateCalcSpeedEnu_i
                0x000000000801a184      0x178 /Users/tony-yi/git/paparazzi_local/var/MYAC/ap/state.o
                0x000000000801a184                stateCalcSpeedEnu_i
 .text.stateCalcAccelNed_i
                0x000000000801a2fc       0xc8 /Users/tony-yi/git/paparazzi_local/var/MYAC/ap/state.o
                0x000000000801a2fc                stateCalcAccelNed_i
 .text.stateCalcBodyRates_i
                0x000000000801a3c4       0x5c /Users/tony-yi/git/paparazzi_local/var/MYAC/ap/state.o
                0x000000000801a3c4                stateCalcBodyRates_i
 .text.actuators_init
                0x000000000801a420       0x18 /Users/tony-yi/git/paparazzi_local/var/MYAC/ap/subsystems/actuators.o
                0x000000000801a420                actuators_init
 .text.motor_mixing_init
                0x000000000801a438       0x2c /Users/tony-yi/git/paparazzi_local/var/MYAC/ap/subsystems/actuators/motor_mixing.o
                0x000000000801a438                motor_mixing_init
 .text.motor_mixing_run
                0x000000000801a464      0x134 /Users/tony-yi/git/paparazzi_local/var/MYAC/ap/subsystems/actuators/motor_mixing.o
                0x000000000801a464                motor_mixing_run
 .text.ahrs_aligner_init
                0x000000000801a598       0x40 /Users/tony-yi/git/paparazzi_local/var/MYAC/ap/subsystems/ahrs/ahrs_aligner.o
                0x000000000801a598                ahrs_aligner_init
 .text.ahrs_aligner_run
                0x000000000801a5d8      0x17c /Users/tony-yi/git/paparazzi_local/var/MYAC/ap/subsystems/ahrs/ahrs_aligner.o
                0x000000000801a5d8                ahrs_aligner_run
 .text.stateGetBodyRates_i
                0x000000000801a754       0x1c /Users/tony-yi/git/paparazzi_local/var/MYAC/ap/subsystems/ahrs/ahrs_int_cmpl_quat.o
 .text.ahrs_init
                0x000000000801a770       0x74 /Users/tony-yi/git/paparazzi_local/var/MYAC/ap/subsystems/ahrs/ahrs_int_cmpl_quat.o
                0x000000000801a770                ahrs_init
 *fill*         0x000000000801a7e4        0x4 00
 .text.ahrs_align
                0x000000000801a7e8      0x750 /Users/tony-yi/git/paparazzi_local/var/MYAC/ap/subsystems/ahrs/ahrs_int_cmpl_quat.o
                0x000000000801a7e8                ahrs_align
 .text.ahrs_propagate
                0x000000000801af38      0x230 /Users/tony-yi/git/paparazzi_local/var/MYAC/ap/subsystems/ahrs/ahrs_int_cmpl_quat.o
                0x000000000801af38                ahrs_propagate
 .text.ahrs_update_accel
                0x000000000801b168      0x250 /Users/tony-yi/git/paparazzi_local/var/MYAC/ap/subsystems/ahrs/ahrs_int_cmpl_quat.o
                0x000000000801b168                ahrs_update_accel
 .text.ahrs_update_mag
                0x000000000801b3b8      0x13c /Users/tony-yi/git/paparazzi_local/var/MYAC/ap/subsystems/ahrs/ahrs_int_cmpl_quat.o
                0x000000000801b3b8                ahrs_update_mag
 .text.electrical_init
                0x000000000801b4f4       0x1c /Users/tony-yi/git/paparazzi_local/var/MYAC/ap/subsystems/electrical.o
                0x000000000801b4f4                electrical_init
 .text.electrical_periodic
                0x000000000801b510       0x48 /Users/tony-yi/git/paparazzi_local/var/MYAC/ap/subsystems/electrical.o
                0x000000000801b510                electrical_periodic
 .text.gps_init
                0x000000000801b558       0x24 /Users/tony-yi/git/paparazzi_local/var/MYAC/ap/subsystems/gps.o
                0x000000000801b558                gps_init
 .text.gps_ubx_ucenter_enable_msg.constprop.0
                0x000000000801b57c      0x154 /Users/tony-yi/git/paparazzi_local/var/MYAC/ap/subsystems/gps/gps_ubx.o
 .text.gps_impl_init
                0x000000000801b6d0       0x1c /Users/tony-yi/git/paparazzi_local/var/MYAC/ap/subsystems/gps/gps_ubx.o
                0x000000000801b6d0                gps_impl_init
 *fill*         0x000000000801b6ec        0x4 00
 .text.gps_ubx_read_message
                0x000000000801b6f0      0x3e8 /Users/tony-yi/git/paparazzi_local/var/MYAC/ap/subsystems/gps/gps_ubx.o
                0x000000000801b6f0                gps_ubx_read_message
 .text.gps_ubx_parse
                0x000000000801bad8       0xfc /Users/tony-yi/git/paparazzi_local/var/MYAC/ap/subsystems/gps/gps_ubx.o
                0x000000000801bad8                gps_ubx_parse
 .text.gps_ubx_ucenter_init
                0x000000000801bbd4       0x2c /Users/tony-yi/git/paparazzi_local/var/MYAC/ap/subsystems/gps/gps_ubx.o
                0x000000000801bbd4                gps_ubx_ucenter_init
 .text.gps_ubx_ucenter_periodic
                0x000000000801bc00      0xecc /Users/tony-yi/git/paparazzi_local/var/MYAC/ap/subsystems/gps/gps_ubx.o
                0x000000000801bc00                gps_ubx_ucenter_periodic
 .text.gps_ubx_ucenter_event
                0x000000000801cacc       0x70 /Users/tony-yi/git/paparazzi_local/var/MYAC/ap/subsystems/gps/gps_ubx.o
                0x000000000801cacc                gps_ubx_ucenter_event
 .text.imu_init
                0x000000000801cb3c      0x168 /Users/tony-yi/git/paparazzi_local/var/MYAC/ap/subsystems/imu.o
                0x000000000801cb3c                imu_init
 .text.mpu_set_and_wait
                0x000000000801cca4       0x1c /Users/tony-yi/git/paparazzi_local/var/MYAC/ap/subsystems/imu/imu_aspirin_2_spi.o
 .text.mpu_wait_slave4_ready_cb
                0x000000000801ccc0       0x1c /Users/tony-yi/git/paparazzi_local/var/MYAC/ap/subsystems/imu/imu_aspirin_2_spi.o
                0x000000000801ccc0                mpu_wait_slave4_ready_cb
 .text.imu_impl_init
                0x000000000801ccdc       0xa0 /Users/tony-yi/git/paparazzi_local/var/MYAC/ap/subsystems/imu/imu_aspirin_2_spi.o
                0x000000000801ccdc                imu_impl_init
 .text.imu_periodic
                0x000000000801cd7c       0x18 /Users/tony-yi/git/paparazzi_local/var/MYAC/ap/subsystems/imu/imu_aspirin_2_spi.o
                0x000000000801cd7c                imu_periodic
 .text.imu_aspirin2_event
                0x000000000801cd94       0x84 /Users/tony-yi/git/paparazzi_local/var/MYAC/ap/subsystems/imu/imu_aspirin_2_spi.o
                0x000000000801cd94                imu_aspirin2_event
 .text.mpu_wait_slave4_ready
                0x000000000801ce18       0x28 /Users/tony-yi/git/paparazzi_local/var/MYAC/ap/subsystems/imu/imu_aspirin_2_spi.o
                0x000000000801ce18                mpu_wait_slave4_ready
 .text.imu_aspirin2_configure_mag_slave
                0x000000000801ce40       0xc2 /Users/tony-yi/git/paparazzi_local/var/MYAC/ap/subsystems/imu/imu_aspirin_2_spi.o
                0x000000000801ce40                imu_aspirin2_configure_mag_slave
 *fill*         0x000000000801cf02        0x2 00
 .text.stateSetAccelNed_i.constprop.0
                0x000000000801cf04       0x28 /Users/tony-yi/git/paparazzi_local/var/MYAC/ap/subsystems/ins/ins_int.o
 .text.stateSetSpeedNed_i.constprop.1
                0x000000000801cf2c       0x28 /Users/tony-yi/git/paparazzi_local/var/MYAC/ap/subsystems/ins/ins_int.o
 .text.stateSetPositionNed_i.constprop.2
                0x000000000801cf54       0x20 /Users/tony-yi/git/paparazzi_local/var/MYAC/ap/subsystems/ins/ins_int.o
 *fill*         0x000000000801cf74        0x4 00
 .text.stateSetLocalOrigin_i.constprop.3
                0x000000000801cf78      0x1a8 /Users/tony-yi/git/paparazzi_local/var/MYAC/ap/subsystems/ins/ins_int.o
 .text.stateGetNedToBodyRMat_i
                0x000000000801d120       0x20 /Users/tony-yi/git/paparazzi_local/var/MYAC/ap/subsystems/ins/ins_int.o
 .text.ins_init
                0x000000000801d140       0x90 /Users/tony-yi/git/paparazzi_local/var/MYAC/ap/subsystems/ins/ins_int.o
                0x000000000801d140                ins_init
 .text.ins_propagate
                0x000000000801d1d0      0x170 /Users/tony-yi/git/paparazzi_local/var/MYAC/ap/subsystems/ins/ins_int.o
                0x000000000801d1d0                ins_propagate
 .text.ins_update_baro
                0x000000000801d340       0xd0 /Users/tony-yi/git/paparazzi_local/var/MYAC/ap/subsystems/ins/ins_int.o
                0x000000000801d340                ins_update_baro
 .text.ins_update_gps
                0x000000000801d410       0xac /Users/tony-yi/git/paparazzi_local/var/MYAC/ap/subsystems/ins/ins_int.o
                0x000000000801d410                ins_update_gps
 .text.update_z_conf
                0x000000000801d4bc      0x19c /Users/tony-yi/git/paparazzi_local/var/MYAC/ap/subsystems/ins/vf_float.o
 .text.vff_init
                0x000000000801d658       0x38 /Users/tony-yi/git/paparazzi_local/var/MYAC/ap/subsystems/ins/vf_float.o
                0x000000000801d658                vff_init
 .text.vff_propagate
                0x000000000801d690      0x2b0 /Users/tony-yi/git/paparazzi_local/var/MYAC/ap/subsystems/ins/vf_float.o
                0x000000000801d690                vff_propagate
 .text.vff_update
                0x000000000801d940        0x8 /Users/tony-yi/git/paparazzi_local/var/MYAC/ap/subsystems/ins/vf_float.o
                0x000000000801d940                vff_update
 .text.vff_realign
                0x000000000801d948       0x14 /Users/tony-yi/git/paparazzi_local/var/MYAC/ap/subsystems/ins/vf_float.o
                0x000000000801d948                vff_realign
 .text.nav_init_block
                0x000000000801d95c       0x28 /Users/tony-yi/git/paparazzi_local/var/MYAC/ap/subsystems/navigation/common_flight_plan.o
                0x000000000801d95c                nav_init_block
 .text.nav_goto_block
                0x000000000801d984       0x2c /Users/tony-yi/git/paparazzi_local/var/MYAC/ap/subsystems/navigation/common_flight_plan.o
                0x000000000801d984                nav_goto_block
 .text.radio_control_impl_init
                0x000000000801d9b0       0x10 /Users/tony-yi/git/paparazzi_local/var/MYAC/ap/subsystems/radio_control/ppm.o
                0x000000000801d9b0                radio_control_impl_init
 .text.settings_init
                0x000000000801d9c0        0x2 /Users/tony-yi/git/paparazzi_local/var/MYAC/ap/subsystems/settings.o
                0x000000000801d9c0                settings_init
 .text.adc_power_on
                0x000000000801d9c2       0x10 ../ext/libopencm3/lib/libopencm3_stm32f1.a(adc.o)
                0x000000000801d9c2                adc_power_on
 .text.adc_disable_analog_watchdog_regular
                0x000000000801d9d2        0xa ../ext/libopencm3/lib/libopencm3_stm32f1.a(adc.o)
                0x000000000801d9d2                adc_disable_analog_watchdog_regular
 .text.adc_disable_analog_watchdog_injected
                0x000000000801d9dc        0xa ../ext/libopencm3/lib/libopencm3_stm32f1.a(adc.o)
                0x000000000801d9dc                adc_disable_analog_watchdog_injected
 .text.adc_disable_discontinuous_mode_regular
                0x000000000801d9e6        0xa ../ext/libopencm3/lib/libopencm3_stm32f1.a(adc.o)
                0x000000000801d9e6                adc_disable_discontinuous_mode_regular
 .text.adc_disable_discontinuous_mode_injected
                0x000000000801d9f0        0xa ../ext/libopencm3/lib/libopencm3_stm32f1.a(adc.o)
                0x000000000801d9f0                adc_disable_discontinuous_mode_injected
 .text.adc_disable_automatic_injected_group_conversion
                0x000000000801d9fa        0xa ../ext/libopencm3/lib/libopencm3_stm32f1.a(adc.o)
                0x000000000801d9fa                adc_disable_automatic_injected_group_conversion
 .text.adc_enable_scan_mode
                0x000000000801da04        0xa ../ext/libopencm3/lib/libopencm3_stm32f1.a(adc.o)
                0x000000000801da04                adc_enable_scan_mode
 .text.adc_enable_eoc_interrupt_injected
                0x000000000801da0e        0xa ../ext/libopencm3/lib/libopencm3_stm32f1.a(adc.o)
                0x000000000801da0e                adc_enable_eoc_interrupt_injected
                0x000000000801da0e                adc_enable_jeoc_interrupt
 .text.adc_disable_awd_interrupt
                0x000000000801da18        0xa ../ext/libopencm3/lib/libopencm3_stm32f1.a(adc.o)
                0x000000000801da18                adc_disable_awd_interrupt
 .text.adc_disable_eoc_interrupt
                0x000000000801da22        0xa ../ext/libopencm3/lib/libopencm3_stm32f1.a(adc.o)
                0x000000000801da22                adc_disable_eoc_interrupt
 .text.adc_disable_temperature_sensor
                0x000000000801da2c        0xa ../ext/libopencm3/lib/libopencm3_stm32f1.a(adc.o)
                0x000000000801da2c                adc_disable_temperature_sensor
 .text.adc_disable_external_trigger_regular
                0x000000000801da36        0xa ../ext/libopencm3/lib/libopencm3_stm32f1.a(adc.o)
                0x000000000801da36                adc_disable_external_trigger_regular
 .text.adc_enable_external_trigger_injected
                0x000000000801da40       0x14 ../ext/libopencm3/lib/libopencm3_stm32f1.a(adc.o)
                0x000000000801da40                adc_enable_external_trigger_injected
 .text.adc_set_right_aligned
                0x000000000801da54        0xa ../ext/libopencm3/lib/libopencm3_stm32f1.a(adc.o)
                0x000000000801da54                adc_set_right_aligned
 *fill*         0x000000000801da5e        0x2 00
 .text.adc_disable_dma
                0x000000000801da60       0x1c ../ext/libopencm3/lib/libopencm3_stm32f1.a(adc.o)
                0x000000000801da60                adc_disable_dma
 .text.adc_reset_calibration
                0x000000000801da7c       0x14 ../ext/libopencm3/lib/libopencm3_stm32f1.a(adc.o)
                0x000000000801da7c                adc_reset_calibration
 .text.adc_calibration
                0x000000000801da90       0x14 ../ext/libopencm3/lib/libopencm3_stm32f1.a(adc.o)
                0x000000000801da90                adc_calibration
 .text.adc_set_single_conversion_mode
                0x000000000801daa4        0xa ../ext/libopencm3/lib/libopencm3_stm32f1.a(adc.o)
                0x000000000801daa4                adc_set_single_conversion_mode
 .text.adc_off  0x000000000801daae        0xa ../ext/libopencm3/lib/libopencm3_stm32f1.a(adc.o)
                0x000000000801daae                adc_off
 .text.adc_set_sample_time
                0x000000000801dab8       0x40 ../ext/libopencm3/lib/libopencm3_stm32f1.a(adc.o)
                0x000000000801dab8                adc_set_conversion_time
                0x000000000801dab8                adc_set_sample_time
 .text.adc_set_injected_sequence
                0x000000000801daf8       0x2c ../ext/libopencm3/lib/libopencm3_stm32f1.a(adc.o)
                0x000000000801daf8                adc_set_injected_sequence
 .text.flash_set_ws
                0x000000000801db24       0x14 ../ext/libopencm3/lib/libopencm3_stm32f1.a(flash.o)
                0x000000000801db24                flash_set_ws
 .text.gpio_set_mode
                0x000000000801db38       0x72 ../ext/libopencm3/lib/libopencm3_stm32f1.a(gpio.o)
                0x000000000801db38                gpio_set_mode
 *fill*         0x000000000801dbaa        0x2 00
 .text.rcc_osc_on.part.0
                0x000000000801dbac       0x10 ../ext/libopencm3/lib/libopencm3_stm32f1.a(rcc.o)
 .text.rcc_wait_for_osc_ready
                0x000000000801dbbc       0x64 ../ext/libopencm3/lib/libopencm3_stm32f1.a(rcc.o)
                0x000000000801dbbc                rcc_wait_for_osc_ready
 .text.rcc_osc_on
                0x000000000801dc20       0x54 ../ext/libopencm3/lib/libopencm3_stm32f1.a(rcc.o)
                0x000000000801dc20                rcc_osc_on
 .text.rcc_peripheral_enable_clock
                0x000000000801dc74        0x8 ../ext/libopencm3/lib/libopencm3_stm32f1.a(rcc.o)
                0x000000000801dc74                rcc_peripheral_enable_clock
 .text.rcc_peripheral_reset
                0x000000000801dc7c        0x8 ../ext/libopencm3/lib/libopencm3_stm32f1.a(rcc.o)
                0x000000000801dc7c                rcc_peripheral_reset
 .text.rcc_peripheral_clear_reset
                0x000000000801dc84        0xa ../ext/libopencm3/lib/libopencm3_stm32f1.a(rcc.o)
                0x000000000801dc84                rcc_peripheral_clear_reset
 *fill*         0x000000000801dc8e        0x2 00
 .text.rcc_set_sysclk_source
                0x000000000801dc90       0x14 ../ext/libopencm3/lib/libopencm3_stm32f1.a(rcc.o)
                0x000000000801dc90                rcc_set_sysclk_source
 .text.rcc_set_pll_multiplication_factor
                0x000000000801dca4       0x14 ../ext/libopencm3/lib/libopencm3_stm32f1.a(rcc.o)
                0x000000000801dca4                rcc_set_pll_multiplication_factor
 .text.rcc_set_pll_source
                0x000000000801dcb8       0x14 ../ext/libopencm3/lib/libopencm3_stm32f1.a(rcc.o)
                0x000000000801dcb8                rcc_set_pll_source
 .text.rcc_set_pllxtpre
                0x000000000801dccc       0x14 ../ext/libopencm3/lib/libopencm3_stm32f1.a(rcc.o)
                0x000000000801dccc                rcc_set_pllxtpre
 .text.rcc_set_adcpre
                0x000000000801dce0       0x14 ../ext/libopencm3/lib/libopencm3_stm32f1.a(rcc.o)
                0x000000000801dce0                rcc_set_adcpre
 .text.rcc_set_ppre2
                0x000000000801dcf4       0x14 ../ext/libopencm3/lib/libopencm3_stm32f1.a(rcc.o)
                0x000000000801dcf4                rcc_set_ppre2
 .text.rcc_set_ppre1
                0x000000000801dd08       0x14 ../ext/libopencm3/lib/libopencm3_stm32f1.a(rcc.o)
                0x000000000801dd08                rcc_set_ppre1
 .text.rcc_set_hpre
                0x000000000801dd1c       0x14 ../ext/libopencm3/lib/libopencm3_stm32f1.a(rcc.o)
                0x000000000801dd1c                rcc_set_hpre
 .text.rcc_clock_setup_in_hse_12mhz_out_72mhz
                0x000000000801dd30       0x84 ../ext/libopencm3/lib/libopencm3_stm32f1.a(rcc.o)
                0x000000000801dd30                rcc_clock_setup_in_hse_12mhz_out_72mhz
 .text.timer_ic_set_polarity
                0x000000000801ddb4       0x1e ../ext/libopencm3/lib/libopencm3_stm32f1.a(timer.o)
                0x000000000801ddb4                timer_ic_set_polarity
 .text.dma_channel_reset
                0x000000000801ddd2       0x22 ../ext/libopencm3/lib/libopencm3_stm32f1.a(dma_common_f13.o)
                0x000000000801ddd2                dma_channel_reset
 .text.dma_set_priority
                0x000000000801ddf4       0x18 ../ext/libopencm3/lib/libopencm3_stm32f1.a(dma_common_f13.o)
                0x000000000801ddf4                dma_set_priority
 .text.dma_set_memory_size
                0x000000000801de0c       0x18 ../ext/libopencm3/lib/libopencm3_stm32f1.a(dma_common_f13.o)
                0x000000000801de0c                dma_set_memory_size
 .text.dma_set_peripheral_size
                0x000000000801de24       0x18 ../ext/libopencm3/lib/libopencm3_stm32f1.a(dma_common_f13.o)
                0x000000000801de24                dma_set_peripheral_size
 .text.dma_enable_memory_increment_mode
                0x000000000801de3c       0x12 ../ext/libopencm3/lib/libopencm3_stm32f1.a(dma_common_f13.o)
                0x000000000801de3c                dma_enable_memory_increment_mode
 .text.dma_disable_memory_increment_mode
                0x000000000801de4e       0x12 ../ext/libopencm3/lib/libopencm3_stm32f1.a(dma_common_f13.o)
                0x000000000801de4e                dma_disable_memory_increment_mode
 .text.dma_set_read_from_peripheral
                0x000000000801de60       0x12 ../ext/libopencm3/lib/libopencm3_stm32f1.a(dma_common_f13.o)
                0x000000000801de60                dma_set_read_from_peripheral
 .text.dma_set_read_from_memory
                0x000000000801de72       0x12 ../ext/libopencm3/lib/libopencm3_stm32f1.a(dma_common_f13.o)
                0x000000000801de72                dma_set_read_from_memory
 .text.dma_enable_transfer_complete_interrupt
                0x000000000801de84       0x12 ../ext/libopencm3/lib/libopencm3_stm32f1.a(dma_common_f13.o)
                0x000000000801de84                dma_enable_transfer_complete_interrupt
 .text.dma_disable_transfer_complete_interrupt
                0x000000000801de96       0x12 ../ext/libopencm3/lib/libopencm3_stm32f1.a(dma_common_f13.o)
                0x000000000801de96                dma_disable_transfer_complete_interrupt
 .text.dma_enable_channel
                0x000000000801dea8       0x12 ../ext/libopencm3/lib/libopencm3_stm32f1.a(dma_common_f13.o)
                0x000000000801dea8                dma_enable_channel
 .text.dma_disable_channel
                0x000000000801deba       0x12 ../ext/libopencm3/lib/libopencm3_stm32f1.a(dma_common_f13.o)
                0x000000000801deba                dma_disable_channel
 .text.dma_set_peripheral_address
                0x000000000801decc       0x12 ../ext/libopencm3/lib/libopencm3_stm32f1.a(dma_common_f13.o)
                0x000000000801decc                dma_set_peripheral_address
 .text.dma_set_memory_address
                0x000000000801dede       0x12 ../ext/libopencm3/lib/libopencm3_stm32f1.a(dma_common_f13.o)
                0x000000000801dede                dma_set_memory_address
 .text.dma_set_number_of_data
                0x000000000801def0        0xc ../ext/libopencm3/lib/libopencm3_stm32f1.a(dma_common_f13.o)
                0x000000000801def0                dma_set_number_of_data
 .text.gpio_set
                0x000000000801defc        0x4 ../ext/libopencm3/lib/libopencm3_stm32f1.a(gpio_common_all.o)
                0x000000000801defc                gpio_set
 .text.gpio_clear
                0x000000000801df00        0x6 ../ext/libopencm3/lib/libopencm3_stm32f1.a(gpio_common_all.o)
                0x000000000801df00                gpio_clear
 .text.gpio_get
                0x000000000801df06        0x6 ../ext/libopencm3/lib/libopencm3_stm32f1.a(gpio_common_all.o)
                0x000000000801df06                gpio_get
 .text.gpio_toggle
                0x000000000801df0c        0x8 ../ext/libopencm3/lib/libopencm3_stm32f1.a(gpio_common_all.o)
                0x000000000801df0c                gpio_toggle
 .text.i2c_reset
                0x000000000801df14       0x44 ../ext/libopencm3/lib/libopencm3_stm32f1.a(i2c_common_all.o)
                0x000000000801df14                i2c_reset
 .text.i2c_peripheral_enable
                0x000000000801df58        0xa ../ext/libopencm3/lib/libopencm3_stm32f1.a(i2c_common_all.o)
                0x000000000801df58                i2c_peripheral_enable
 *fill*         0x000000000801df62        0x2 00
 .text.spi_reset
                0x000000000801df64       0x64 ../ext/libopencm3/lib/libopencm3_stm32f1.a(spi_common_all.o)
                0x000000000801df64                spi_reset
 .text.spi_init_master
                0x000000000801dfc8       0x24 ../ext/libopencm3/lib/libopencm3_stm32f1.a(spi_common_all.o)
                0x000000000801dfc8                spi_init_master
 .text.spi_enable
                0x000000000801dfec        0xa ../ext/libopencm3/lib/libopencm3_stm32f1.a(spi_common_all.o)
                0x000000000801dfec                spi_enable
 .text.spi_disable
                0x000000000801dff6        0xa ../ext/libopencm3/lib/libopencm3_stm32f1.a(spi_common_all.o)
                0x000000000801dff6                spi_disable
 .text.spi_enable_software_slave_management
                0x000000000801e000        0xa ../ext/libopencm3/lib/libopencm3_stm32f1.a(spi_common_all.o)
                0x000000000801e000                spi_enable_software_slave_management
 .text.spi_set_nss_high
                0x000000000801e00a        0xa ../ext/libopencm3/lib/libopencm3_stm32f1.a(spi_common_all.o)
                0x000000000801e00a                spi_set_nss_high
 .text.spi_enable_tx_dma
                0x000000000801e014        0xa ../ext/libopencm3/lib/libopencm3_stm32f1.a(spi_common_all.o)
                0x000000000801e014                spi_enable_tx_dma
 .text.spi_disable_tx_dma
                0x000000000801e01e        0xa ../ext/libopencm3/lib/libopencm3_stm32f1.a(spi_common_all.o)
                0x000000000801e01e                spi_disable_tx_dma
 .text.spi_enable_rx_dma
                0x000000000801e028        0xa ../ext/libopencm3/lib/libopencm3_stm32f1.a(spi_common_all.o)
                0x000000000801e028                spi_enable_rx_dma
 .text.spi_disable_rx_dma
                0x000000000801e032        0xa ../ext/libopencm3/lib/libopencm3_stm32f1.a(spi_common_all.o)
                0x000000000801e032                spi_disable_rx_dma
 .text.timer_reset
                0x000000000801e03c       0xd4 ../ext/libopencm3/lib/libopencm3_stm32f1.a(timer_common_all.o)
                0x000000000801e03c                timer_reset
 .text.timer_enable_irq
                0x000000000801e110        0x8 ../ext/libopencm3/lib/libopencm3_stm32f1.a(timer_common_all.o)
                0x000000000801e110                timer_enable_irq
 .text.timer_clear_flag
                0x000000000801e118        0xa ../ext/libopencm3/lib/libopencm3_stm32f1.a(timer_common_all.o)
                0x000000000801e118                timer_clear_flag
 .text.timer_set_mode
                0x000000000801e122       0x14 ../ext/libopencm3/lib/libopencm3_stm32f1.a(timer_common_all.o)
                0x000000000801e122                timer_set_mode
 .text.timer_enable_preload
                0x000000000801e136        0xa ../ext/libopencm3/lib/libopencm3_stm32f1.a(timer_common_all.o)
                0x000000000801e136                timer_enable_preload
 .text.timer_disable_preload
                0x000000000801e140        0xa ../ext/libopencm3/lib/libopencm3_stm32f1.a(timer_common_all.o)
                0x000000000801e140                timer_disable_preload
 .text.timer_continuous_mode
                0x000000000801e14a        0xa ../ext/libopencm3/lib/libopencm3_stm32f1.a(timer_common_all.o)
                0x000000000801e14a                timer_continuous_mode
 .text.timer_enable_counter
                0x000000000801e154        0xa ../ext/libopencm3/lib/libopencm3_stm32f1.a(timer_common_all.o)
                0x000000000801e154                timer_enable_counter
 .text.timer_set_master_mode
                0x000000000801e15e       0x10 ../ext/libopencm3/lib/libopencm3_stm32f1.a(timer_common_all.o)
                0x000000000801e15e                timer_set_master_mode
 .text.timer_set_prescaler
                0x000000000801e16e        0x4 ../ext/libopencm3/lib/libopencm3_stm32f1.a(timer_common_all.o)
                0x000000000801e16e                timer_set_prescaler
 .text.timer_set_period
                0x000000000801e172        0x4 ../ext/libopencm3/lib/libopencm3_stm32f1.a(timer_common_all.o)
                0x000000000801e172                timer_set_period
 .text.timer_disable_oc_clear
                0x000000000801e176       0x34 ../ext/libopencm3/lib/libopencm3_stm32f1.a(timer_common_all.o)
                0x000000000801e176                timer_disable_oc_clear
 .text.timer_set_oc_slow_mode
                0x000000000801e1aa       0x34 ../ext/libopencm3/lib/libopencm3_stm32f1.a(timer_common_all.o)
                0x000000000801e1aa                timer_set_oc_slow_mode
 .text.timer_set_oc_mode
                0x000000000801e1de      0x186 ../ext/libopencm3/lib/libopencm3_stm32f1.a(timer_common_all.o)
                0x000000000801e1de                timer_set_oc_mode
 .text.timer_enable_oc_preload
                0x000000000801e364       0x34 ../ext/libopencm3/lib/libopencm3_stm32f1.a(timer_common_all.o)
                0x000000000801e364                timer_enable_oc_preload
 .text.timer_set_oc_polarity_high
                0x000000000801e398       0x68 ../ext/libopencm3/lib/libopencm3_stm32f1.a(timer_common_all.o)
                0x000000000801e398                timer_set_oc_polarity_high
 .text.timer_enable_oc_output
                0x000000000801e400       0x68 ../ext/libopencm3/lib/libopencm3_stm32f1.a(timer_common_all.o)
                0x000000000801e400                timer_enable_oc_output
 .text.timer_disable_oc_output
                0x000000000801e468       0x68 ../ext/libopencm3/lib/libopencm3_stm32f1.a(timer_common_all.o)
                0x000000000801e468                timer_disable_oc_output
 .text.timer_set_oc_value
                0x000000000801e4d0       0x20 ../ext/libopencm3/lib/libopencm3_stm32f1.a(timer_common_all.o)
                0x000000000801e4d0                timer_set_oc_value
 .text.timer_get_counter
                0x000000000801e4f0        0x4 ../ext/libopencm3/lib/libopencm3_stm32f1.a(timer_common_all.o)
                0x000000000801e4f0                timer_get_counter
 .text.timer_ic_set_filter
                0x000000000801e4f4       0x50 ../ext/libopencm3/lib/libopencm3_stm32f1.a(timer_common_all.o)
                0x000000000801e4f4                timer_ic_set_filter
 .text.timer_ic_set_prescaler
                0x000000000801e544       0x50 ../ext/libopencm3/lib/libopencm3_stm32f1.a(timer_common_all.o)
                0x000000000801e544                timer_ic_set_prescaler
 .text.timer_ic_set_input
                0x000000000801e594       0x62 ../ext/libopencm3/lib/libopencm3_stm32f1.a(timer_common_all.o)
                0x000000000801e594                timer_ic_set_input
 .text.timer_ic_enable
                0x000000000801e5f6       0x10 ../ext/libopencm3/lib/libopencm3_stm32f1.a(timer_common_all.o)
                0x000000000801e5f6                timer_ic_enable
 *fill*         0x000000000801e606        0x2 00
 .text.usart_set_baudrate
                0x000000000801e608       0x28 ../ext/libopencm3/lib/libopencm3_stm32f1.a(usart_common_all.o)
                0x000000000801e608                usart_set_baudrate
 .text.usart_set_databits
                0x000000000801e630       0x12 ../ext/libopencm3/lib/libopencm3_stm32f1.a(usart_common_all.o)
                0x000000000801e630                usart_set_databits
 .text.usart_set_stopbits
                0x000000000801e642        0xc ../ext/libopencm3/lib/libopencm3_stm32f1.a(usart_common_all.o)
                0x000000000801e642                usart_set_stopbits
 .text.usart_set_parity
                0x000000000801e64e        0xc ../ext/libopencm3/lib/libopencm3_stm32f1.a(usart_common_all.o)
                0x000000000801e64e                usart_set_parity
 .text.usart_set_mode
                0x000000000801e65a        0xc ../ext/libopencm3/lib/libopencm3_stm32f1.a(usart_common_all.o)
                0x000000000801e65a                usart_set_mode
 .text.usart_set_flow_control
                0x000000000801e666        0xc ../ext/libopencm3/lib/libopencm3_stm32f1.a(usart_common_all.o)
                0x000000000801e666                usart_set_flow_control
 .text.usart_enable
                0x000000000801e672        0xa ../ext/libopencm3/lib/libopencm3_stm32f1.a(usart_common_all.o)
                0x000000000801e672                usart_enable
 .text.usart_send
                0x000000000801e67c        0x8 ../ext/libopencm3/lib/libopencm3_stm32f1.a(usart_common_all.o)
                0x000000000801e67c                usart_send
 .text.usart_recv
                0x000000000801e684        0x8 ../ext/libopencm3/lib/libopencm3_stm32f1.a(usart_common_all.o)
                0x000000000801e684                usart_recv
 .text.blocking_handler
                0x000000000801e68c        0x2 ../ext/libopencm3/lib/libopencm3_stm32f1.a(vector.o)
                0x000000000801e68c                exti0_isr
                0x000000000801e68c                tim7_isr
                0x000000000801e68c                tim1_trg_com_isr
                0x000000000801e68c                usb_hp_can_tx_isr
                0x000000000801e68c                tim6_isr
                0x000000000801e68c                usb_wakeup_isr
                0x000000000801e68c                blocking_handler
                0x000000000801e68c                tim5_isr
                0x000000000801e68c                otg_fs_isr
                0x000000000801e68c                spi1_isr
                0x000000000801e68c                dma1_channel6_isr
                0x000000000801e68c                exti2_isr
                0x000000000801e68c                can_rx1_isr
                0x000000000801e68c                dma2_channel5_isr
                0x000000000801e68c                usart1_isr
                0x000000000801e68c                usage_fault_handler
                0x000000000801e68c                tim8_trg_com_isr
                0x000000000801e68c                can2_rx0_isr
                0x000000000801e68c                tim1_brk_isr
                0x000000000801e68c                can2_rx1_isr
                0x000000000801e68c                tim1_cc_isr
                0x000000000801e68c                sdio_isr
                0x000000000801e68c                eth_isr
                0x000000000801e68c                tim8_brk_isr
                0x000000000801e68c                dma2_channel4_5_isr
                0x000000000801e68c                pvd_isr
                0x000000000801e68c                rcc_isr
                0x000000000801e68c                flash_isr
                0x000000000801e68c                uart4_isr
                0x000000000801e68c                rtc_alarm_isr
                0x000000000801e68c                exti15_10_isr
                0x000000000801e68c                hard_fault_handler
                0x000000000801e68c                exti1_isr
                0x000000000801e68c                i2c1_ev_isr
                0x000000000801e68c                dma2_channel1_isr
                0x000000000801e68c                spi2_isr
                0x000000000801e68c                tim8_up_isr
                0x000000000801e68c                dma2_channel2_isr
                0x000000000801e68c                adc3_isr
                0x000000000801e68c                exti3_isr
                0x000000000801e68c                tim3_isr
                0x000000000801e68c                usb_lp_can_rx0_isr
                0x000000000801e68c                uart5_isr
                0x000000000801e68c                fsmc_isr
                0x000000000801e68c                dma1_channel1_isr
                0x000000000801e68c                exti4_isr
                0x000000000801e68c                mem_manage_handler
                0x000000000801e68c                can2_tx_isr
                0x000000000801e68c                exti9_5_isr
                0x000000000801e68c                dma2_channel3_isr
                0x000000000801e68c                dma1_channel7_isr
                0x000000000801e68c                tim1_up_isr
                0x000000000801e68c                can2_sce_isr
                0x000000000801e68c                tim4_isr
                0x000000000801e68c                dma1_channel2_isr
                0x000000000801e68c                i2c1_er_isr
                0x000000000801e68c                can_sce_isr
                0x000000000801e68c                tim8_cc_isr
                0x000000000801e68c                tamper_isr
                0x000000000801e68c                eth_wkup_isr
                0x000000000801e68c                bus_fault_handler
                0x000000000801e68c                wwdg_isr
                0x000000000801e68c                dma1_channel3_isr
                0x000000000801e68c                spi3_isr
                0x000000000801e68c                rtc_isr
 .text.null_handler
                0x000000000801e68e        0x2 ../ext/libopencm3/lib/libopencm3_stm32f1.a(vector.o)
                0x000000000801e68e                null_handler
                0x000000000801e68e                sv_call_handler
                0x000000000801e68e                pend_sv_handler
                0x000000000801e68e                debug_monitor_handler
                0x000000000801e68e                nmi_handler
 .text.reset_handler
                0x000000000801e690       0x80 ../ext/libopencm3/lib/libopencm3_stm32f1.a(vector.o)
                0x000000000801e690                reset_handler
 .text.systick_set_reload
                0x000000000801e710       0x10 ../ext/libopencm3/lib/libopencm3_stm32f1.a(systick.o)
                0x000000000801e710                systick_set_reload
 .text.systick_set_clocksource
                0x000000000801e720       0x14 ../ext/libopencm3/lib/libopencm3_stm32f1.a(systick.o)
                0x000000000801e720                systick_set_clocksource
 .text.systick_interrupt_enable
                0x000000000801e734       0x10 ../ext/libopencm3/lib/libopencm3_stm32f1.a(systick.o)
                0x000000000801e734                systick_interrupt_enable
 .text.systick_counter_enable
                0x000000000801e744       0x10 ../ext/libopencm3/lib/libopencm3_stm32f1.a(systick.o)
                0x000000000801e744                systick_counter_enable
 .text.scb_set_priority_grouping
                0x000000000801e754       0x14 ../ext/libopencm3/lib/libopencm3_stm32f1.a(scb.o)
                0x000000000801e754                scb_set_priority_grouping
 .text.nvic_enable_irq
                0x000000000801e768       0x1a ../ext/libopencm3/lib/libopencm3_stm32f1.a(nvic.o)
                0x000000000801e768                nvic_enable_irq
 *fill*         0x000000000801e782        0x2 00
 .text.nvic_disable_irq
                0x000000000801e784       0x18 ../ext/libopencm3/lib/libopencm3_stm32f1.a(nvic.o)
                0x000000000801e784                nvic_disable_irq
 .text.nvic_set_priority
                0x000000000801e79c       0x20 ../ext/libopencm3/lib/libopencm3_stm32f1.a(nvic.o)
                0x000000000801e79c                nvic_set_priority
 .text.ldiv     0x000000000801e7bc       0x2c /opt/local/bin/../lib/gcc/arm-none-eabi/4.7.3/../../../../arm-none-eabi/lib/armv7-m/libc.a(lib_a-ldiv.o)
                0x000000000801e7bc                ldiv
 .text.memcpy   0x000000000801e7e8      0x15c /opt/local/bin/../lib/gcc/arm-none-eabi/4.7.3/../../../../arm-none-eabi/lib/armv7-m/libc.a(lib_a-memcpy.o)
                0x000000000801e7e8                memcpy
 .text.memset   0x000000000801e944      0x12c /opt/local/bin/../lib/gcc/arm-none-eabi/4.7.3/../../../../arm-none-eabi/lib/armv7-m/libc.a(lib_a-memset.o)
                0x000000000801e944                memset
 .text.atan     0x000000000801ea70      0x368 /opt/local/bin/../lib/gcc/arm-none-eabi/4.7.3/../../../../arm-none-eabi/lib/armv7-m/libm.a(lib_a-s_atan.o)
                0x000000000801ea70                atan
 .text.cos      0x000000000801edd8       0x90 /opt/local/bin/../lib/gcc/arm-none-eabi/4.7.3/../../../../arm-none-eabi/lib/armv7-m/libm.a(lib_a-s_cos.o)
                0x000000000801edd8                cos
 .text.fabs     0x000000000801ee68        0x8 /opt/local/bin/../lib/gcc/arm-none-eabi/4.7.3/../../../../arm-none-eabi/lib/armv7-m/libm.a(lib_a-s_fabs.o)
                0x000000000801ee68                fabs
 .text.rint     0x000000000801ee70      0x128 /opt/local/bin/../lib/gcc/arm-none-eabi/4.7.3/../../../../arm-none-eabi/lib/armv7-m/libm.a(lib_a-s_rint.o)
                0x000000000801ee70                rint
 .text.sin      0x000000000801ef98       0x98 /opt/local/bin/../lib/gcc/arm-none-eabi/4.7.3/../../../../arm-none-eabi/lib/armv7-m/libm.a(lib_a-s_sin.o)
                0x000000000801ef98                sin
 .text.tan      0x000000000801f030       0x5c /opt/local/bin/../lib/gcc/arm-none-eabi/4.7.3/../../../../arm-none-eabi/lib/armv7-m/libm.a(lib_a-s_tan.o)
                0x000000000801f030                tan
 .text.atanf    0x000000000801f08c      0x258 /opt/local/bin/../lib/gcc/arm-none-eabi/4.7.3/../../../../arm-none-eabi/lib/armv7-m/libm.a(lib_a-sf_atan.o)
                0x000000000801f08c                atanf
 .text.cosf     0x000000000801f2e4       0x68 /opt/local/bin/../lib/gcc/arm-none-eabi/4.7.3/../../../../arm-none-eabi/lib/armv7-m/libm.a(lib_a-sf_cos.o)
                0x000000000801f2e4                cosf
 .text.fabsf    0x000000000801f34c        0x8 /opt/local/bin/../lib/gcc/arm-none-eabi/4.7.3/../../../../arm-none-eabi/lib/armv7-m/libm.a(lib_a-sf_fabs.o)
                0x000000000801f34c                fabsf
 .text.sinf     0x000000000801f354       0x78 /opt/local/bin/../lib/gcc/arm-none-eabi/4.7.3/../../../../arm-none-eabi/lib/armv7-m/libm.a(lib_a-sf_sin.o)
                0x000000000801f354                sinf
 .text.tanf     0x000000000801f3cc       0x48 /opt/local/bin/../lib/gcc/arm-none-eabi/4.7.3/../../../../arm-none-eabi/lib/armv7-m/libm.a(lib_a-sf_tan.o)
                0x000000000801f3cc                tanf
 .text.asin     0x000000000801f414       0xa4 /opt/local/bin/../lib/gcc/arm-none-eabi/4.7.3/../../../../arm-none-eabi/lib/armv7-m/libm.a(lib_a-w_asin.o)
                0x000000000801f414                asin
 .text.atan2    0x000000000801f4b8        0x4 /opt/local/bin/../lib/gcc/arm-none-eabi/4.7.3/../../../../arm-none-eabi/lib/armv7-m/libm.a(lib_a-w_atan2.o)
                0x000000000801f4b8                atan2
 *fill*         0x000000000801f4bc        0x4 00
 .text.cosh     0x000000000801f4c0       0xb8 /opt/local/bin/../lib/gcc/arm-none-eabi/4.7.3/../../../../arm-none-eabi/lib/armv7-m/libm.a(lib_a-w_cosh.o)
                0x000000000801f4c0                cosh
 .text.exp      0x000000000801f578       0xf8 /opt/local/bin/../lib/gcc/arm-none-eabi/4.7.3/../../../../arm-none-eabi/lib/armv7-m/libm.a(lib_a-w_exp.o)
                0x000000000801f578                exp
 .text.log      0x000000000801f670       0xe4 /opt/local/bin/../lib/gcc/arm-none-eabi/4.7.3/../../../../arm-none-eabi/lib/armv7-m/libm.a(lib_a-w_log.o)
                0x000000000801f670                log
 .text.pow      0x000000000801f754      0x310 /opt/local/bin/../lib/gcc/arm-none-eabi/4.7.3/../../../../arm-none-eabi/lib/armv7-m/libm.a(lib_a-w_pow.o)
                0x000000000801f754                pow
 .text.sinh     0x000000000801fa64       0xc4 /opt/local/bin/../lib/gcc/arm-none-eabi/4.7.3/../../../../arm-none-eabi/lib/armv7-m/libm.a(lib_a-w_sinh.o)
                0x000000000801fa64                sinh
 .text.sqrt     0x000000000801fb28       0xa8 /opt/local/bin/../lib/gcc/arm-none-eabi/4.7.3/../../../../arm-none-eabi/lib/armv7-m/libm.a(lib_a-w_sqrt.o)
                0x000000000801fb28                sqrt
 .text.asinf    0x000000000801fbd0       0xa0 /opt/local/bin/../lib/gcc/arm-none-eabi/4.7.3/../../../../arm-none-eabi/lib/armv7-m/libm.a(lib_a-wf_asin.o)
                0x000000000801fbd0                asinf
 .text.atan2f   0x000000000801fc70        0x4 /opt/local/bin/../lib/gcc/arm-none-eabi/4.7.3/../../../../arm-none-eabi/lib/armv7-m/libm.a(lib_a-wf_atan2.o)
                0x000000000801fc70                atan2f
 .text.sqrtf    0x000000000801fc74       0x9c /opt/local/bin/../lib/gcc/arm-none-eabi/4.7.3/../../../../arm-none-eabi/lib/armv7-m/libm.a(lib_a-wf_sqrt.o)
                0x000000000801fc74                sqrtf
 .text.__ieee754_asin
                0x000000000801fd10      0x460 /opt/local/bin/../lib/gcc/arm-none-eabi/4.7.3/../../../../arm-none-eabi/lib/armv7-m/libm.a(lib_a-e_asin.o)
                0x000000000801fd10                __ieee754_asin
 .text.__ieee754_atan2
                0x0000000008020170      0x218 /opt/local/bin/../lib/gcc/arm-none-eabi/4.7.3/../../../../arm-none-eabi/lib/armv7-m/libm.a(lib_a-e_atan2.o)
                0x0000000008020170                __ieee754_atan2
 .text.__ieee754_cosh
                0x0000000008020388      0x170 /opt/local/bin/../lib/gcc/arm-none-eabi/4.7.3/../../../../arm-none-eabi/lib/armv7-m/libm.a(lib_a-e_cosh.o)
                0x0000000008020388                __ieee754_cosh
 .text.__ieee754_exp
                0x00000000080204f8      0x320 /opt/local/bin/../lib/gcc/arm-none-eabi/4.7.3/../../../../arm-none-eabi/lib/armv7-m/libm.a(lib_a-e_exp.o)
                0x00000000080204f8                __ieee754_exp
 .text.__ieee754_log
                0x0000000008020818      0x400 /opt/local/bin/../lib/gcc/arm-none-eabi/4.7.3/../../../../arm-none-eabi/lib/armv7-m/libm.a(lib_a-e_log.o)
                0x0000000008020818                __ieee754_log
 .text.__ieee754_pow
                0x0000000008020c18      0xb00 /opt/local/bin/../lib/gcc/arm-none-eabi/4.7.3/../../../../arm-none-eabi/lib/armv7-m/libm.a(lib_a-e_pow.o)
                0x0000000008020c18                __ieee754_pow
 .text.__ieee754_rem_pio2
                0x0000000008021718      0x468 /opt/local/bin/../lib/gcc/arm-none-eabi/4.7.3/../../../../arm-none-eabi/lib/armv7-m/libm.a(lib_a-e_rem_pio2.o)
                0x0000000008021718                __ieee754_rem_pio2
 .text.__ieee754_sinh
                0x0000000008021b80      0x1a8 /opt/local/bin/../lib/gcc/arm-none-eabi/4.7.3/../../../../arm-none-eabi/lib/armv7-m/libm.a(lib_a-e_sinh.o)
                0x0000000008021b80                __ieee754_sinh
 .text.__ieee754_sqrt
                0x0000000008021d28      0x208 /opt/local/bin/../lib/gcc/arm-none-eabi/4.7.3/../../../../arm-none-eabi/lib/armv7-m/libm.a(lib_a-e_sqrt.o)
                0x0000000008021d28                __ieee754_sqrt
 .text.__ieee754_asinf
                0x0000000008021f30      0x318 /opt/local/bin/../lib/gcc/arm-none-eabi/4.7.3/../../../../arm-none-eabi/lib/armv7-m/libm.a(lib_a-ef_asin.o)
                0x0000000008021f30                __ieee754_asinf
 .text.__ieee754_atan2f
                0x0000000008022248      0x14c /opt/local/bin/../lib/gcc/arm-none-eabi/4.7.3/../../../../arm-none-eabi/lib/armv7-m/libm.a(lib_a-ef_atan2.o)
                0x0000000008022248                __ieee754_atan2f
 .text.__ieee754_rem_pio2f
                0x0000000008022394      0x358 /opt/local/bin/../lib/gcc/arm-none-eabi/4.7.3/../../../../arm-none-eabi/lib/armv7-m/libm.a(lib_a-ef_rem_pio2.o)
                0x0000000008022394                __ieee754_rem_pio2f
 .text.__ieee754_sqrtf
                0x00000000080226ec       0xd4 /opt/local/bin/../lib/gcc/arm-none-eabi/4.7.3/../../../../arm-none-eabi/lib/armv7-m/libm.a(lib_a-ef_sqrt.o)
                0x00000000080226ec                __ieee754_sqrtf
 .text.__kernel_cos
                0x00000000080227c0      0x258 /opt/local/bin/../lib/gcc/arm-none-eabi/4.7.3/../../../../arm-none-eabi/lib/armv7-m/libm.a(lib_a-k_cos.o)
                0x00000000080227c0                __kernel_cos
 .text.__kernel_rem_pio2
                0x0000000008022a18      0xdfc /opt/local/bin/../lib/gcc/arm-none-eabi/4.7.3/../../../../arm-none-eabi/lib/armv7-m/libm.a(lib_a-k_rem_pio2.o)
                0x0000000008022a18                __kernel_rem_pio2
 *fill*         0x0000000008023814        0x4 00
 .text.__kernel_sin
                0x0000000008023818      0x170 /opt/local/bin/../lib/gcc/arm-none-eabi/4.7.3/../../../../arm-none-eabi/lib/armv7-m/libm.a(lib_a-k_sin.o)
                0x0000000008023818                __kernel_sin
 .text.__kernel_tan
                0x0000000008023988      0x3d0 /opt/local/bin/../lib/gcc/arm-none-eabi/4.7.3/../../../../arm-none-eabi/lib/armv7-m/libm.a(lib_a-k_tan.o)
                0x0000000008023988                __kernel_tan
 .text.__kernel_cosf
                0x0000000008023d58      0x1b8 /opt/local/bin/../lib/gcc/arm-none-eabi/4.7.3/../../../../arm-none-eabi/lib/armv7-m/libm.a(lib_a-kf_cos.o)
                0x0000000008023d58                __kernel_cosf
 .text.__kernel_rem_pio2f
                0x0000000008023f10      0xba0 /opt/local/bin/../lib/gcc/arm-none-eabi/4.7.3/../../../../arm-none-eabi/lib/armv7-m/libm.a(lib_a-kf_rem_pio2.o)
                0x0000000008023f10                __kernel_rem_pio2f
 .text.__kernel_sinf
                0x0000000008024ab0      0x100 /opt/local/bin/../lib/gcc/arm-none-eabi/4.7.3/../../../../arm-none-eabi/lib/armv7-m/libm.a(lib_a-kf_sin.o)
                0x0000000008024ab0                __kernel_sinf
 .text.__kernel_tanf
                0x0000000008024bb0      0x29c /opt/local/bin/../lib/gcc/arm-none-eabi/4.7.3/../../../../arm-none-eabi/lib/armv7-m/libm.a(lib_a-kf_tan.o)
                0x0000000008024bb0                __kernel_tanf
 *fill*         0x0000000008024e4c        0x4 00
 .text.expm1    0x0000000008024e50      0x4b8 /opt/local/bin/../lib/gcc/arm-none-eabi/4.7.3/../../../../arm-none-eabi/lib/armv7-m/libm.a(lib_a-s_expm1.o)
                0x0000000008024e50                expm1
 .text.finite   0x0000000008025308        0xc /opt/local/bin/../lib/gcc/arm-none-eabi/4.7.3/../../../../arm-none-eabi/lib/armv7-m/libm.a(lib_a-s_finite.o)
                0x0000000008025308                finite
 *fill*         0x0000000008025314        0x4 00
 .text.floor    0x0000000008025318      0x110 /opt/local/bin/../lib/gcc/arm-none-eabi/4.7.3/../../../../arm-none-eabi/lib/armv7-m/libm.a(lib_a-s_floor.o)
                0x0000000008025318                floor
 .text.__fpclassifyd
                0x0000000008025428       0x68 /opt/local/bin/../lib/gcc/arm-none-eabi/4.7.3/../../../../arm-none-eabi/lib/armv7-m/libm.a(lib_a-s_fpclassify.o)
                0x0000000008025428                __fpclassifyd
 .text.matherr  0x0000000008025490        0x4 /opt/local/bin/../lib/gcc/arm-none-eabi/4.7.3/../../../../arm-none-eabi/lib/armv7-m/libm.a(lib_a-s_matherr.o)
                0x0000000008025490                matherr
 .text.nan      0x0000000008025494        0xc /opt/local/bin/../lib/gcc/arm-none-eabi/4.7.3/../../../../arm-none-eabi/lib/armv7-m/libm.a(lib_a-s_nan.o)
                0x0000000008025494                nan
 .text.scalbn   0x00000000080254a0      0x108 /opt/local/bin/../lib/gcc/arm-none-eabi/4.7.3/../../../../arm-none-eabi/lib/armv7-m/libm.a(lib_a-s_scalbn.o)
                0x00000000080254a0                scalbn
 .text.floorf   0x00000000080255a8       0x94 /opt/local/bin/../lib/gcc/arm-none-eabi/4.7.3/../../../../arm-none-eabi/lib/armv7-m/libm.a(lib_a-sf_floor.o)
                0x00000000080255a8                floorf
 .text.__fpclassifyf
                0x000000000802563c       0x58 /opt/local/bin/../lib/gcc/arm-none-eabi/4.7.3/../../../../arm-none-eabi/lib/armv7-m/libm.a(lib_a-sf_fpclassify.o)
                0x000000000802563c                __fpclassifyf
 .text.scalbnf  0x0000000008025694       0xc0 /opt/local/bin/../lib/gcc/arm-none-eabi/4.7.3/../../../../arm-none-eabi/lib/armv7-m/libm.a(lib_a-sf_scalbn.o)
                0x0000000008025694                scalbnf
 .text.copysign
                0x0000000008025754       0x18 /opt/local/bin/../lib/gcc/arm-none-eabi/4.7.3/../../../../arm-none-eabi/lib/armv7-m/libm.a(lib_a-s_copysign.o)
                0x0000000008025754                copysign
 .text.copysignf
                0x000000000802576c        0xc /opt/local/bin/../lib/gcc/arm-none-eabi/4.7.3/../../../../arm-none-eabi/lib/armv7-m/libm.a(lib_a-sf_copysign.o)
                0x000000000802576c                copysignf
 .text          0x0000000008025778      0x370 /opt/local/bin/../lib/gcc/arm-none-eabi/4.7.3/armv7-m/libgcc.a(_arm_addsubdf3.o)
                0x0000000008025778                __aeabi_drsub
                0x0000000008025780                __subdf3
                0x0000000008025780                __aeabi_dsub
                0x0000000008025784                __aeabi_dadd
                0x0000000008025784                __adddf3
                0x00000000080259fc                __aeabi_ui2d
                0x00000000080259fc                __floatunsidf
                0x0000000008025a1c                __floatsidf
                0x0000000008025a1c                __aeabi_i2d
                0x0000000008025a40                __extendsfdf2
                0x0000000008025a40                __aeabi_f2d
                0x0000000008025a7c                __aeabi_ul2d
                0x0000000008025a7c                __floatundidf
                0x0000000008025a8c                __aeabi_l2d
                0x0000000008025a8c                __floatdidf